Component: ARM Compiler 5.06 update 5 (build 528) Tool: armlink [4d35e2]

==============================================================================

Section Cross References

    startup_stm32f10x_hd.o(STACK) refers (Special) to heapauxi.o(.text) for __use_two_region_memory
    startup_stm32f10x_hd.o(HEAP) refers (Special) to heapauxi.o(.text) for __use_two_region_memory
    startup_stm32f10x_hd.o(RESET) refers (Special) to heapauxi.o(.text) for __use_two_region_memory
    startup_stm32f10x_hd.o(RESET) refers to startup_stm32f10x_hd.o(STACK) for __initial_sp
    startup_stm32f10x_hd.o(RESET) refers to startup_stm32f10x_hd.o(.text) for Reset_Handler
    startup_stm32f10x_hd.o(RESET) refers to stm32f10x_it.o(i.NMI_Handler) for NMI_Handler
    startup_stm32f10x_hd.o(RESET) refers to stm32f10x_it.o(i.HardFault_Handler) for HardFault_Handler
    startup_stm32f10x_hd.o(RESET) refers to stm32f10x_it.o(i.MemManage_Handler) for MemManage_Handler
    startup_stm32f10x_hd.o(RESET) refers to stm32f10x_it.o(i.BusFault_Handler) for BusFault_Handler
    startup_stm32f10x_hd.o(RESET) refers to stm32f10x_it.o(i.UsageFault_Handler) for UsageFault_Handler
    startup_stm32f10x_hd.o(RESET) refers to stm32f10x_it.o(i.SVC_Handler) for SVC_Handler
    startup_stm32f10x_hd.o(RESET) refers to stm32f10x_it.o(i.DebugMon_Handler) for DebugMon_Handler
    startup_stm32f10x_hd.o(RESET) refers to stm32f10x_it.o(i.PendSV_Handler) for PendSV_Handler
    startup_stm32f10x_hd.o(RESET) refers to stm32f10x_it.o(i.SysTick_Handler) for SysTick_Handler
    startup_stm32f10x_hd.o(RESET) refers to control.o(i.TIM3_IRQHandler) for TIM3_IRQHandler
    startup_stm32f10x_hd.o(RESET) refers to usart.o(i.USART1_IRQHandler) for USART1_IRQHandler
    startup_stm32f10x_hd.o(RESET) refers to usart.o(i.USART2_IRQHandler) for USART2_IRQHandler
    startup_stm32f10x_hd.o(RESET) refers to usart.o(i.USART3_IRQHandler) for USART3_IRQHandler
    startup_stm32f10x_hd.o(RESET) refers to speed.o(i.TIM5_IRQHandler) for TIM5_IRQHandler
    startup_stm32f10x_hd.o(RESET) refers to usart.o(i.UART4_IRQHandler) for UART4_IRQHandler
    startup_stm32f10x_hd.o(.text) refers (Special) to heapauxi.o(.text) for __use_two_region_memory
    startup_stm32f10x_hd.o(.text) refers to system_stm32f10x.o(i.SystemInit) for SystemInit
    startup_stm32f10x_hd.o(.text) refers to __main.o(!!!main) for __main
    startup_stm32f10x_hd.o(.text) refers to startup_stm32f10x_hd.o(HEAP) for Heap_Mem
    startup_stm32f10x_hd.o(.text) refers to startup_stm32f10x_hd.o(STACK) for Stack_Mem
    system_stm32f10x.o(i.SetSysClock) refers to system_stm32f10x.o(i.SetSysClockTo72) for SetSysClockTo72
    system_stm32f10x.o(i.SystemCoreClockUpdate) refers to system_stm32f10x.o(.data) for SystemCoreClock
    system_stm32f10x.o(i.SystemInit) refers to system_stm32f10x.o(i.SetSysClock) for SetSysClock
    stm32f10x_adc.o(i.ADC_DeInit) refers to stm32f10x_rcc.o(i.RCC_APB2PeriphResetCmd) for RCC_APB2PeriphResetCmd
    stm32f10x_bkp.o(i.BKP_DeInit) refers to stm32f10x_rcc.o(i.RCC_BackupResetCmd) for RCC_BackupResetCmd
    stm32f10x_can.o(i.CAN_DeInit) refers to stm32f10x_rcc.o(i.RCC_APB1PeriphResetCmd) for RCC_APB1PeriphResetCmd
    stm32f10x_can.o(i.CAN_GetITStatus) refers to stm32f10x_can.o(i.CheckITStatus) for CheckITStatus
    stm32f10x_cec.o(i.CEC_DeInit) refers to stm32f10x_rcc.o(i.RCC_APB1PeriphResetCmd) for RCC_APB1PeriphResetCmd
    stm32f10x_dac.o(i.DAC_DeInit) refers to stm32f10x_rcc.o(i.RCC_APB1PeriphResetCmd) for RCC_APB1PeriphResetCmd
    stm32f10x_flash.o(i.FLASH_EnableWriteProtection) refers to stm32f10x_flash.o(i.FLASH_WaitForLastOperation) for FLASH_WaitForLastOperation
    stm32f10x_flash.o(i.FLASH_EraseAllBank1Pages) refers to stm32f10x_flash.o(i.FLASH_WaitForLastBank1Operation) for FLASH_WaitForLastBank1Operation
    stm32f10x_flash.o(i.FLASH_EraseAllPages) refers to stm32f10x_flash.o(i.FLASH_WaitForLastOperation) for FLASH_WaitForLastOperation
    stm32f10x_flash.o(i.FLASH_EraseOptionBytes) refers to stm32f10x_flash.o(i.FLASH_GetReadOutProtectionStatus) for FLASH_GetReadOutProtectionStatus
    stm32f10x_flash.o(i.FLASH_EraseOptionBytes) refers to stm32f10x_flash.o(i.FLASH_WaitForLastOperation) for FLASH_WaitForLastOperation
    stm32f10x_flash.o(i.FLASH_ErasePage) refers to stm32f10x_flash.o(i.FLASH_WaitForLastOperation) for FLASH_WaitForLastOperation
    stm32f10x_flash.o(i.FLASH_ProgramHalfWord) refers to stm32f10x_flash.o(i.FLASH_WaitForLastOperation) for FLASH_WaitForLastOperation
    stm32f10x_flash.o(i.FLASH_ProgramOptionByteData) refers to stm32f10x_flash.o(i.FLASH_WaitForLastOperation) for FLASH_WaitForLastOperation
    stm32f10x_flash.o(i.FLASH_ProgramWord) refers to stm32f10x_flash.o(i.FLASH_WaitForLastOperation) for FLASH_WaitForLastOperation
    stm32f10x_flash.o(i.FLASH_ReadOutProtection) refers to stm32f10x_flash.o(i.FLASH_WaitForLastOperation) for FLASH_WaitForLastOperation
[...]
    i.TIM_OC4Init                            0x08003d18   Section        0  stm32f10x_tim.o(i.TIM_OC4Init)
    i.TIM_OC4PreloadConfig                   0x08003d94   Section        0  stm32f10x_tim.o(i.TIM_OC4PreloadConfig)
    i.TIM_SetCompare1                        0x08003dae   Section        0  stm32f10x_tim.o(i.TIM_SetCompare1)
    i.TIM_SetCompare2                        0x08003db2   Section        0  stm32f10x_tim.o(i.TIM_SetCompare2)
    i.TIM_SetCompare3                        0x08003db6   Section        0  stm32f10x_tim.o(i.TIM_SetCompare3)
    i.TIM_SetCounter                         0x08003dba   Section        0  stm32f10x_tim.o(i.TIM_SetCounter)
    i.TIM_SetIC1Prescaler                    0x08003dbe   Section        0  stm32f10x_tim.o(i.TIM_SetIC1Prescaler)
    i.TIM_SetIC2Prescaler                    0x08003dd0   Section        0  stm32f10x_tim.o(i.TIM_SetIC2Prescaler)
    i.TIM_SetIC3Prescaler                    0x08003dea   Section        0  stm32f10x_tim.o(i.TIM_SetIC3Prescaler)
    i.TIM_SetIC4Prescaler                    0x08003dfc   Section        0  stm32f10x_tim.o(i.TIM_SetIC4Prescaler)
    i.TIM_TimeBaseInit                       0x08003e18   Section        0  stm32f10x_tim.o(i.TIM_TimeBaseInit)
    i.TIM_TimeBaseStructInit                 0x08003ebc   Section        0  stm32f10x_tim.o(i.TIM_TimeBaseStructInit)
    i.Trun_SG90_angle                        0x08003ed0   Section        0  steering.o(i.Trun_SG90_angle)
    i.Turn_left                              0x08003ef8   Section        0  motor.o(i.Turn_left)
    i.Turn_right                             0x08003f40   Section        0  motor.o(i.Turn_right)
    i.Turn_with_relative_angle               0x08003f88   Section        0  control.o(i.Turn_with_relative_angle)
    i.UART1_Data_Prase_Prepare_Lite          0x0800403c   Section        0  data_analyse.o(i.UART1_Data_Prase_Prepare_Lite)
    i.UART1_Data_Prase_Process_Lite          0x08004190   Section        0  data_analyse.o(i.UART1_Data_Prase_Process_Lite)
    i.UART4_IRQHandler                       0x08004250   Section        0  usart.o(i.UART4_IRQHandler)
    i.UARTx_SendByte                         0x08004274   Section        0  usart.o(i.UARTx_SendByte)
    i.UARTx_SendString                       0x08004292   Section        0  usart.o(i.UARTx_SendString)
    i.USART1_IRQHandler                      0x080042b4   Section        0  usart.o(i.USART1_IRQHandler)
    i.USART2_IRQHandler                      0x080042d8   Section        0  usart.o(i.USART2_IRQHandler)
    i.USART3_IRQHandler                      0x08004300   Section        0  usart.o(i.USART3_IRQHandler)
    i.USART_Cmd                              0x08004324   Section        0  stm32f10x_usart.o(i.USART_Cmd)
    i.USART_GetFlagStatus                    0x0800433c   Section        0  stm32f10x_usart.o(i.USART_GetFlagStatus)
    i.USART_GetITStatus                      0x08004356   Section        0  stm32f10x_usart.o(i.USART_GetITStatus)
    i.USART_ITConfig                         0x080043aa   Section        0  stm32f10x_usart.o(i.USART_ITConfig)
    i.USART_Init                             0x080043f4   Section        0  stm32f10x_usart.o(i.USART_Init)
    i.USART_ReceiveData                      0x080044cc   Section        0  stm32f10x_usart.o(i.USART_ReceiveData)
    i.USART_SendData                         0x080044d6   Section        0  stm32f10x_usart.o(i.USART_SendData)
    i.UsageFault_Handler                     0x080044de   Section        0  stm32f10x_it.o(i.UsageFault_Handler)
    i.constrain                              0x080044e2   Section        0  control.o(i.constrain)
    i.constrain_float                        0x080044f8   Section        0  control.o(i.constrain_float)
    i.gpio_init                              0x08004520   Section        0  main.o(i.gpio_init)
    i.int2str_low_ver                        0x0800454c   Section        0  data_analyse.o(i.int2str_low_ver)
    i.main                                   0x0800476c   Section        0  main.o(i.main)
    i.move_with_xy_target_relatively         0x080048a4   Section        0  control.o(i.move_with_xy_target_relatively)
    i.move_xy_barrier                        0x080049ac   Section        0  control.o(i.move_xy_barrier)
    i.mypow                                  0x08004c60   Section        0  oled1.o(i.mypow)
    i.sqrtf                                  0x08004c76   Section        0  sqrtf.o(i.sqrtf)
    i.uart                                   0x08004ca4   Section        0  usart.o(i.uart)
    i.wheel_speed_control                    0x08004fec   Section        0  control.o(i.wheel_speed_control)
    x$fpl$d2f                                0x080051fc   Section       98  d2f.o(x$fpl$d2f)
    x$fpl$dadd                               0x08005260   Section      336  daddsub_clz.o(x$fpl$dadd)
    _dadd1                                   0x08005271   Thumb Code     0  daddsub_clz.o(x$fpl$dadd)
    x$fpl$dcmpinf                            0x080053b0   Section       24  dcmpi.o(x$fpl$dcmpinf)
    x$fpl$dleqf                              0x080053c8   Section      120  dleqf.o(x$fpl$dleqf)
    x$fpl$dnaninf                            0x08005440   Section      156  dnaninf.o(x$fpl$dnaninf)
    x$fpl$dretinf                            0x080054dc   Section       12  dretinf.o(x$fpl$dretinf)
    x$fpl$drsb                               0x080054e8   Section       22  daddsub_clz.o(x$fpl$drsb)
    x$fpl$dsub                               0x08005500   Section      468  daddsub_clz.o(x$fpl$dsub)
    _dsub1                                   0x08005511   Thumb Code     0  daddsub_clz.o(x$fpl$dsub)
    x$fpl$f2d                                0x080056d4   Section       86  f2d.o(x$fpl$f2d)
    x$fpl$fadd                               0x0800572c   Section      196  faddsub_clz.o(x$fpl$fadd)
    _fadd1                                   0x0800573b   Thumb Code     0  faddsub_clz.o(x$fpl$fadd)
    x$fpl$fcmpinf                            0x080057f0   Section       24  fcmpi.o(x$fpl$fcmpinf)
    x$fpl$fdiv                               0x08005808   Section      388  fdiv.o(x$fpl$fdiv)
    _fdiv1                                   0x08005809   Thumb Code     0  fdiv.o(x$fpl$fdiv)
    x$fpl$feqf                               0x0800598c   Section      104  feqf.o(x$fpl$feqf)
    x$fpl$ffix                               0x080059f4   Section       54  ffix.o(x$fpl$ffix)
    x$fpl$ffixu                              0x08005a2c   Section       62  ffixu.o(x$fpl$ffixu)
    x$fpl$fflt                               0x08005a6c   Section       48  fflt_clz.o(x$fpl$fflt)
    x$fpl$ffltu                              0x08005a9c   Section       38  fflt_clz.o(x$fpl$ffltu)
    x$fpl$fleqf                              0x08005ac4   Section      104  fleqf.o(x$fpl$fleqf)
    x$fpl$fmul                               0x08005b2c   Section      258  fmul.o(x$fpl$fmul)
    x$fpl$fnaninf                            0x08005c2e   Section      140  fnaninf.o(x$fpl$fnaninf)
    x$fpl$fretinf                            0x08005cba   Section       10  fretinf.o(x$fpl$fretinf)
    x$fpl$frleqf                             0x08005cc4   Section       98  frleqf.o(x$fpl$frleqf)
    x$fpl$frsb                               0x08005d26   Section       20  faddsub_clz.o(x$fpl$frsb)
    x$fpl$fsqrt                              0x08005d3c   Section      272  fsqrt.o(x$fpl$fsqrt)
    x$fpl$fsub                               0x08005e4c   Section      234  faddsub_clz.o(x$fpl$fsub)
    _fsub1                                   0x08005e5b   Thumb Code     0  faddsub_clz.o(x$fpl$fsub)
    x$fpl$usenofp                            0x08005f36   Section        0  usenofp.o(x$fpl$usenofp)
    .constdata                               0x08005f38   Section      884  main.o(.constdata)
    .constdata                               0x080062ac   Section     2068  data_analyse.o(.constdata)
    a                                        0x08006ab0   Data          16  data_analyse.o(.constdata)
    .constdata                               0x08006ac0   Section     9252  oled1.o(.constdata)
    .data                                    0x20000000   Section       20  stm32f10x_rcc.o(.data)
    APBAHBPrescTable                         0x20000000   Data          16  stm32f10x_rcc.o(.data)
    ADCPrescTable                            0x20000010   Data           4  stm32f10x_rcc.o(.data)
    .data                                    0x20000014   Section       25  main.o(.data)
    .data                                    0x20000030   Section      472  control.o(.data)
    _cnt                                     0x200001e0   Data           2  control.o(.data)
    Sub_task_time_cnt                        0x200001e2   Data           2  control.o(.data)
    turning_flag                             0x200001e4   Data           1  control.o(.data)
    cur_x                                    0x200001e8   Data           4  control.o(.data)
    cur_y                                    0x200001ec   Data           4  control.o(.data)
    ba_max_ang                               0x200001f0   Data           4  control.o(.data)
    ba_min_ang                               0x200001f4   Data           4  control.o(.data)
    turning_flag                             0x200001f8   Data           1  control.o(.data)
    sub_demo                                 0x200001f9   Data           4  control.o(.data)
    state_flag                               0x200001fd   Data           1  control.o(.data)
    Turn_x                                   0x20000200   Data           4  control.o(.data)
    Turn_y                                   0x20000204   Data           4  control.o(.data)
    .data                                    0x20000208   Section        4  speed.o(.data)
    .data                                    0x2000020c   Section       57  data_analyse.o(.data)
    NCLink_Head                              0x2000020c   Data           2  data_analyse.o(.data)
    NCLink_End                               0x2000020e   Data           2  data_analyse.o(.data)
    data_len                                 0x20000238   Data           1  data_analyse.o(.data)
    data_cnt                                 0x20000239   Data           1  data_analyse.o(.data)
    state                                    0x2000023a   Data           1  data_analyse.o(.data)
    state                                    0x2000023b   Data           1  data_analyse.o(.data)
    state                                    0x2000023c   Data           1  data_analyse.o(.data)
    High_8                                   0x2000023e   Data           2  data_analyse.o(.data)
    Low_8                                    0x20000240   Data           2  data_analyse.o(.data)
    data_len                                 0x20000242   Data           1  data_analyse.o(.data)
    data_cnt                                 0x20000243   Data           1  data_analyse.o(.data)
    state                                    0x20000244   Data           1  data_analyse.o(.data)
    .data                                    0x20000245   Section        2  led.o(.data)
    bling_timer_cnt                          0x20000245   Data           1  led.o(.data)
    working_flag                             0x20000246   Data           1  led.o(.data)
    .data                                    0x20000247   Section        6  store.o(.data)
    .data                                    0x2000024d   Section        1  usart.o(.data)
    .bss                                     0x20000250   Section     3092  main.o(.bss)
    iFvisit                                  0x20000de0   Data          26  main.o(.bss)
    dis_to_origin                            0x20000dfc   Data         104  main.o(.bss)
    .bss                                     0x20000e64   Section      242  control.o(.bss)
    .bss                                     0x20000f58   Section      300  data_analyse.o(.bss)
    nclink_buf                               0x20000f58   Data         100  data_analyse.o(.bss)
    UART1_nclink_buf                         0x20000fbc   Data         100  data_analyse.o(.bss)
    .bss                                     0x20001084   Section     1024  oled1.o(.bss)
    .bss                                     0x20001484   Section     1344  store.o(.bss)
    .bss                                     0x200019c4   Section       96  libspace.o(.bss)
    HEAP                                     0x20001a28   Section      512  startup_stm32f10x_hd.o(HEAP)
    Heap_Mem                                 0x20001a28   Data         512  startup_stm32f10x_hd.o(HEAP)
    STACK                                    0x20001c28   Section     1024  startup_stm32f10x_hd.o(STACK)
    Stack_Mem                                0x20001c28   Data        1024  startup_stm32f10x_hd.o(STACK)
    __initial_sp                             0x20002028   Data           0  startup_stm32f10x_hd.o(STACK)

    Global Symbols

    Symbol Name                              Value     Ov Type        Size  Object(Section)

    BuildAttributes$$THM_ISAv4$P$D$K$B$S$PE$A:L22UL41UL21$X:L11$S22US41US21$IEEE1$IW$USESV6$~STKCKD$USESV7$~SHL$OTIME$ROPI$IEEEJ$EBA8$UX$STANDARDLIB$REQ8$PRES8$EABIv2 0x00000000   Number         0  anon$$obj.o ABSOLUTE
    __ARM_use_no_argv                        0x00000000   Number         0  main.o ABSOLUTE
    __ARM_exceptions_init                     - Undefined Weak Reference
    __alloca_initialize                       - Undefined Weak Reference
    __arm_preinit_                            - Undefined Weak Reference
    __cpp_initialize__aeabi_                  - Undefined Weak Reference
    __cxa_finalize                            - Undefined Weak Reference
    __rt_locale                               - Undefined Weak Reference
    __sigvec_lookup                           - Undefined Weak Reference
    _atexit_init                              - Undefined Weak Reference
    _call_atexit_fns                          - Undefined Weak Reference
    _clock_init                               - Undefined Weak Reference
    _fp_trap_init                             - Undefined Weak Reference
    _fp_trap_shutdown                         - Undefined Weak Reference
    _get_lc_collate                           - Undefined Weak Reference
    _get_lc_ctype                             - Undefined Weak Reference
    _get_lc_monetary                          - Undefined Weak Reference
    _get_lc_numeric                           - Undefined Weak Reference
    _get_lc_time                              - Undefined Weak Reference
    _getenv_init                              - Undefined Weak Reference
    _handle_redirection                       - Undefined Weak Reference
    _init_alloc                               - Undefined Weak Reference
    _init_user_alloc                          - Undefined Weak Reference
    _initio                                   - Undefined Weak Reference
    _rand_init                                - Undefined Weak Reference
    _signal_finish                            - Undefined Weak Reference
    _signal_init                              - Undefined Weak Reference
    _terminate_alloc                          - Undefined Weak Reference
    _terminate_user_alloc                     - Undefined Weak Reference
    _terminateio                              - Undefined Weak Reference
    __Vectors_Size                           0x00000130   Number         0  startup_stm32f10x_hd.o ABSOLUTE
    __Vectors                                0x08000000   Data           4  startup_stm32f10x_hd.o(RESET)
    __Vectors_End                            0x08000130   Data           0  startup_stm32f10x_hd.o(RESET)
    __main                                   0x08000131   Thumb Code     8  __main.o(!!!main)
    __scatterload                            0x08000139   Thumb Code     0  __scatter.o(!!!scatter)
    __scatterload_rt2                        0x08000139   Thumb Code    44  __scatter.o(!!!scatter)
    __scatterload_rt2_thumb_only             0x08000139   Thumb Code     0  __scatter.o(!!!scatter)
    __scatterload_null                       0x08000147   Thumb Code     0  __scatter.o(!!!scatter)
    __decompress                             0x0800016d   Thumb Code    90  __dczerorl2.o(!!dczerorl2)
    __decompress1                            0x0800016d   Thumb Code     0  __dczerorl2.o(!!dczerorl2)
    __scatterload_zeroinit                   0x080001c9   Thumb Code    28  __scatter_zi.o(!!handler_zi)
    __rt_lib_init                            0x080001e5   Thumb Code     0  libinit.o(.ARM.Collect$$libinit$$00000000)
    __rt_lib_init_alloca_1                   0x080001e7   Thumb Code     0  libinit2.o(.ARM.Collect$$libinit$$0000002E)
    __rt_lib_init_argv_1                     0x080001e7   Thumb Code     0  libinit2.o(.ARM.Collect$$libinit$$0000002C)
    __rt_lib_init_atexit_1                   0x080001e7   Thumb Code     0  libinit2.o(.ARM.Collect$$libinit$$0000001B)
    __rt_lib_init_clock_1                    0x080001e7   Thumb Code     0  libinit2.o(.ARM.Collect$$libinit$$00000021)
    __rt_lib_init_cpp_1                      0x080001e7   Thumb Code     0  libinit2.o(.ARM.Collect$$libinit$$00000032)
    __rt_lib_init_exceptions_1               0x080001e7   Thumb Code     0  libinit2.o(.ARM.Collect$$libinit$$00000030)
    __rt_lib_init_fp_1                       0x080001e7   Thumb Code     0  libinit2.o(.ARM.Collect$$libinit$$00000002)
    __rt_lib_init_fp_trap_1                  0x080001e7   Thumb Code     0  libinit2.o(.ARM.Collect$$libinit$$0000001F)
    __rt_lib_init_getenv_1                   0x080001e7   Thumb Code     0  libinit2.o(.ARM.Collect$$libinit$$00000023)
    __rt_lib_init_heap_1                     0x080001e7   Thumb Code     0  libinit2.o(.ARM.Collect$$libinit$$0000000A)
    __rt_lib_init_lc_collate_1               0x080001e7   Thumb Code     0  libinit2.o(.ARM.Collect$$libinit$$00000011)
    __rt_lib_init_lc_ctype_1                 0x080001e7   Thumb Code     0  libinit2.o(.ARM.Collect$$libinit$$00000013)
    __rt_lib_init_lc_monetary_1              0x080001e7   Thumb Code     0  libinit2.o(.ARM.Collect$$libinit$$00000015)
    __rt_lib_init_lc_numeric_1               0x080001e7   Thumb Code     0  libinit2.o(.ARM.Collect$$libinit$$00000017)
    __rt_lib_init_lc_time_1                  0x080001e7   Thumb Code     0  libinit2.o(.ARM.Collect$$libinit$$00000019)
    __rt_lib_init_preinit_1                  0x080001e7   Thumb Code     0  libinit2.o(.ARM.Collect$$libinit$$00000004)
    __rt_lib_init_rand_1                     0x080001e7   Thumb Code     0  libinit2.o(.ARM.Collect$$libinit$$0000000E)
    __rt_lib_init_return                     0x080001e7   Thumb Code     0  libinit2.o(.ARM.Collect$$libinit$$00000033)
    __rt_lib_init_signal_1                   0x080001e7   Thumb Code     0  libinit2.o(.ARM.Collect$$libinit$$0000001D)
    __rt_lib_init_stdio_1                    0x080001e7   Thumb Code     0  libinit2.o(.ARM.Collect$$libinit$$00000025)
    __rt_lib_init_user_alloc_1               0x080001e7   Thumb Code     0  libinit2.o(.ARM.Collect$$libinit$$0000000C)
    __rt_lib_shutdown                        0x080001e9   Thumb Code     0  libshutdown.o(.ARM.Collect$$libshutdown$$00000000)
    __rt_lib_shutdown_cpp_1                  0x080001eb   Thumb Code     0  libshutdown2.o(.ARM.Collect$$libshutdown$$00000002)
    __rt_lib_shutdown_fp_trap_1              0x080001eb   Thumb Code     0  libshutdown2.o(.ARM.Collect$$libshutdown$$00000007)
    __rt_lib_shutdown_heap_1                 0x080001eb   Thumb Code     0  libshutdown2.o(.ARM.Collect$$libshutdown$$0000000F)
    __rt_lib_shutdown_return                 0x080001eb   Thumb Code     0  libshutdown2.o(.ARM.Collect$$libshutdown$$00000010)
    __rt_lib_shutdown_signal_1               0x080001eb   Thumb Code     0  libshutdown2.o(.ARM.Collect$$libshutdown$$0000000A)
    __rt_lib_shutdown_stdio_1                0x080001eb   Thumb Code     0  libshutdown2.o(.ARM.Collect$$libshutdown$$00000004)
    __rt_lib_shutdown_user_alloc_1           0x080001eb   Thumb Code     0  libshutdown2.o(.ARM.Collect$$libshutdown$$0000000C)
    __rt_entry                               0x080001ed   Thumb Code     0  __rtentry.o(.ARM.Collect$$rtentry$$00000000)
    __rt_entry_presh_1                       0x080001ed   Thumb Code     0  __rtentry2.o(.ARM.Collect$$rtentry$$00000002)
    __rt_entry_sh                            0x080001ed   Thumb Code     0  __rtentry4.o(.ARM.Collect$$rtentry$$00000004)
    __rt_entry_li                            0x080001f3   Thumb Code     0  __rtentry2.o(.ARM.Collect$$rtentry$$0000000A)
    __rt_entry_postsh_1                      0x080001f3   Thumb Code     0  __rtentry2.o(.ARM.Collect$$rtentry$$00000009)
    __rt_entry_main                          0x080001f7   Thumb Code     0  __rtentry2.o(.ARM.Collect$$rtentry$$0000000D)
    __rt_entry_postli_1                      0x080001f7   Thumb Code     0  __rtentry2.o(.ARM.Collect$$rtentry$$0000000C)
    __rt_exit                                0x080001ff   Thumb Code     0  rtexit.o(.ARM.Collect$$rtexit$$00000000)
    __rt_exit_ls                             0x08000201   Thumb Code     0  rtexit2.o(.ARM.Collect$$rtexit$$00000003)
    __rt_exit_prels_1                        0x08000201   Thumb Code     0  rtexit2.o(.ARM.Collect$$rtexit$$00000002)
    __rt_exit_exit                           0x08000205   Thumb Code     0  rtexit2.o(.ARM.Collect$$rtexit$$00000004)
    Reset_Handler                            0x0800020d   Thumb Code     8  startup_stm32f10x_hd.o(.text)
    ADC1_2_IRQHandler                        0x08000227   Thumb Code     0  startup_stm32f10x_hd.o(.text)
    ADC3_IRQHandler                          0x08000227   Thumb Code     0  startup_stm32f10x_hd.o(.text)
    CAN1_RX1_IRQHandler                      0x08000227   Thumb Code     0  startup_stm32f10x_hd.o(.text)
    CAN1_SCE_IRQHandler                      0x08000227   Thumb Code     0  startup_stm32f10x_hd.o(.text)
    DMA1_Channel1_IRQHandler                 0x08000227   Thumb Code     0  startup_stm32f10x_hd.o(.text)
    DMA1_Channel2_IRQHandler                 0x08000227   Thumb Code     0  startup_stm32f10x_hd.o(.text)
    DMA1_Channel3_IRQHandler                 0x08000227   Thumb Code     0  startup_stm32f10x_hd.o(.text)
    DMA1_Channel4_IRQHandler                 0x08000227   Thumb Code     0  startup_stm32f10x_hd.o(.text)
    DMA1_Channel5_IRQHandler                 0x08000227   Thumb Code     0  startup_stm32f10x_hd.o(.text)
    DMA1_Channel6_IRQHandler                 0x08000227   Thumb Code     0  startup_stm32f10x_hd.o(.text)
    DMA1_Channel7_IRQHandler                 0x08000227   Thumb Code     0  startup_stm32f10x_hd.o(.text)
    DMA2_Channel1_IRQHandler                 0x08000227   Thumb Code     0  startup_stm32f10x_hd.o(.text)
    DMA2_Channel2_IRQHandler                 0x08000227   Thumb Code     0  startup_stm32f10x_hd.o(.text)
    DMA2_Channel3_IRQHandler                 0x08000227   Thumb Code     0  startup_stm32f10x_hd.o(.text)
    DMA2_Channel4_5_IRQHandler               0x08000227   Thumb Code     0  startup_stm32f10x_hd.o(.text)
    EXTI0_IRQHandler                         0x08000227   Thumb Code     0  startup_stm32f10x_hd.o(.text)
    EXTI15_10_IRQHandler                     0x08000227   Thumb Code     0  startup_stm32f10x_hd.o(.text)
    EXTI1_IRQHandler                         0x08000227   Thumb Code     0  startup_stm32f10x_hd.o(.text)
    EXTI2_IRQHandler                         0x08000227   Thumb Code     0  startup_stm32f10x_hd.o(.text)
    EXTI3_IRQHandler                         0x08000227   Thumb Code     0  startup_stm32f10x_hd.o(.text)
    EXTI4_IRQHandler                         0x08000227   Thumb Code     0  startup_stm32f10x_hd.o(.text)
    EXTI9_5_IRQHandler                       0x08000227   Thumb Code     0  startup_stm32f10x_hd.o(.text)
    FLASH_IRQHandler                         0x08000227   Thumb Code     0  startup_stm32f10x_hd.o(.text)
    FSMC_IRQHandler                          0x08000227   Thumb Code     0  startup_stm32f10x_hd.o(.text)
    I2C1_ER_IRQHandler                       0x08000227   Thumb Code     0  startup_stm32f10x_hd.o(.text)
    I2C1_EV_IRQHandler                       0x08000227   Thumb Code     0  startup_stm32f10x_hd.o(.text)
    I2C2_ER_IRQHandler                       0x08000227   Thumb Code     0  startup_stm32f10x_hd.o(.text)
    I2C2_EV_IRQHandler                       0x08000227   Thumb Code     0  startup_stm32f10x_hd.o(.text)
    PVD_IRQHandler                           0x08000227   Thumb Code     0  startup_stm32f10x_hd.o(.text)
    RCC_IRQHandler                           0x08000227   Thumb Code     0  startup_stm32f10x_hd.o(.text)
    RTCAlarm_IRQHandler                      0x08000227   Thumb Code     0  startup_stm32f10x_hd.o(.text)
    RTC_IRQHandler                           0x08000227   Thumb Code     0  startup_stm32f10x_hd.o(.text)
    SDIO_IRQHandler                          0x08000227   Thumb Code     0  startup_stm32f10x_hd.o(.text)
    SPI1_IRQHandler                          0x08000227   Thumb Code     0  startup_stm32f10x_hd.o(.text)
    SPI2_IRQHandler                          0x08000227   Thumb Code     0  startup_stm32f10x_hd.o(.text)
    SPI3_IRQHandler                          0x08000227   Thumb Code     0  startup_stm32f10x_hd.o(.text)
    TAMPER_IRQHandler                        0x08000227   Thumb Code     0  startup_stm32f10x_hd.o(.text)
    TIM1_BRK_IRQHandler                      0x08000227   Thumb Code     0  startup_stm32f10x_hd.o(.text)
    TIM1_CC_IRQHandler                       0x08000227   Thumb Code     0  startup_stm32f10x_hd.o(.text)
    TIM1_TRG_COM_IRQHandler                  0x08000227   Thumb Code     0  startup_stm32f10x_hd.o(.text)
    TIM1_UP_IRQHandler                       0x08000227   Thumb Code     0  startup_stm32f10x_hd.o(.text)
    TIM2_IRQHandler                          0x08000227   Thumb Code     0  startup_stm32f10x_hd.o(.text)
    TIM4_IRQHandler                          0x08000227   Thumb Code     0  startup_stm32f10x_hd.o(.text)
    TIM6_IRQHandler                          0x08000227   Thumb Code     0  startup_stm32f10x_hd.o(.text)
    TIM7_IRQHandler                          0x08000227   Thumb Code     0  startup_stm32f10x_hd.o(.text)
    TIM8_BRK_IRQHandler                      0x08000227   Thumb Code     0  startup_stm32f10x_hd.o(.text)
    TIM8_CC_IRQHandler                       0x08000227   Thumb Code     0  startup_stm32f10x_hd.o(.text)
    TIM8_TRG_COM_IRQHandler                  0x08000227   Thumb Code     0  startup_stm32f10x_hd.o(.text)
    TIM8_UP_IRQHandler                       0x08000227   Thumb Code     0  startup_stm32f10x_hd.o(.text)
    UART5_IRQHandler                         0x08000227   Thumb Code     0  startup_stm32f10x_hd.o(.text)
    USBWakeUp_IRQHandler                     0x08000227   Thumb Code     0  startup_stm32f10x_hd.o(.text)
    USB_HP_CAN1_TX_IRQHandler                0x08000227   Thumb Code     0  startup_stm32f10x_hd.o(.text)
    USB_LP_CAN1_RX0_IRQHandler               0x08000227   Thumb Code     0  startup_stm32f10x_hd.o(.text)
    WWDG_IRQHandler                          0x08000227   Thumb Code     0  startup_stm32f10x_hd.o(.text)
    __user_initial_stackheap                 0x08000229   Thumb Code     0  startup_stm32f10x_hd.o(.text)
    strcpy                                   0x0800024d   Thumb Code    72  strcpy.o(.text)
    __aeabi_memclr4                          0x08000295   Thumb Code     0  rt_memclr_w.o(.text)
    __aeabi_memclr8                          0x08000295   Thumb Code     0  rt_memclr_w.o(.text)
    __rt_memclr_w                            0x08000295   Thumb Code    78  rt_memclr_w.o(.text)
    _memset_w                                0x08000299   Thumb Code     0  rt_memclr_w.o(.text)
    __use_two_region_memory                  0x080002e3   Thumb Code     2  heapauxi.o(.text)
    __rt_heap_escrow$2region                 0x080002e5   Thumb Code     2  heapauxi.o(.text)
    __rt_heap_expand$2region                 0x080002e7   Thumb Code     2  heapauxi.o(.text)
    __read_errno                             0x080002e9   Thumb Code    10  _rserrno.o(.text)
    __set_errno                              0x080002f3   Thumb Code    12  _rserrno.o(.text)
    __aeabi_errno_addr                       0x08000301   Thumb Code     8  rt_errno_addr_intlibspace.o(.text)
    __errno$intlibspace                      0x08000301   Thumb Code     0  rt_errno_addr_intlibspace.o(.text)
    __rt_errno_addr$intlibspace              0x08000301   Thumb Code     0  rt_errno_addr_intlibspace.o(.text)
    __user_libspace                          0x08000309   Thumb Code     8  libspace.o(.text)
    __user_perproc_libspace                  0x08000309   Thumb Code     0  libspace.o(.text)
    __user_perthread_libspace                0x08000309   Thumb Code     0  libspace.o(.text)
    __user_setup_stackheap                   0x08000311   Thumb Code    74  sys_stackheap_outer.o(.text)
    exit                                     0x0800035b   Thumb Code    18  exit.o(.text)
    _sys_exit                                0x0800036d   Thumb Code     8  sys_exit.o(.text)
    __I$use$semihosting                      0x08000379   Thumb Code     0  use_no_semi.o(.text)
    __use_no_semihosting_swi                 0x08000379   Thumb Code     2  use_no_semi.o(.text)
    __semihosting_library_function           0x0800037b   Thumb Code     0  indicate_semi.o(.text)
    Angle_Control_Target                     0x0800037d   Thumb Code   486  control.o(i.Angle_Control_Target)
    Bling_mode                               0x0800057d   Thumb Code   558  led.o(i.Bling_mode)
    BusFault_Handler                         0x080007b9   Thumb Code     4  stm32f10x_it.o(i.BusFault_Handler)
    Byte2Float                               0x080007bd   Thumb Code    34  data_analyse.o(i.Byte2Float)
    DebugMon_Handler                         0x080007e5   Thumb Code     2  stm32f10x_it.o(i.DebugMon_Handler)
    Encoder_Init_TIM1                        0x080007e9   Thumb Code   158  speed.o(i.Encoder_Init_TIM1)
    Encoder_Init_TIM4                        0x08000895   Thumb Code   144  speed.o(i.Encoder_Init_TIM4)
    FLASH_ErasePage                          0x0800092d   Thumb Code    72  stm32f10x_flash.o(i.FLASH_ErasePage)
    FLASH_GetBank1Status                     0x08000979   Thumb Code    48  stm32f10x_flash.o(i.FLASH_GetBank1Status)
    FLASH_Lock                               0x080009ad   Thumb Code    14  stm32f10x_flash.o(i.FLASH_Lock)
    FLASH_ProgramHalfWord                    0x080009c1   Thumb Code    60  stm32f10x_flash.o(i.FLASH_ProgramHalfWord)
    FLASH_Unlock                             0x08000a01   Thumb Code    12  stm32f10x_flash.o(i.FLASH_Unlock)
    FLASH_WaitForLastOperation               0x08000a19   Thumb Code    38  stm32f10x_flash.o(i.FLASH_WaitForLastOperation)
    FastAtan2                                0x08000a41   Thumb Code   400  data_analyse.o(i.FastAtan2)
    FastCos                                  0x08000c01   Thumb Code   162  data_analyse.o(i.FastCos)
    FastSin                                  0x08000cad   Thumb Code   152  data_analyse.o(i.FastSin)
    Forward_TB                               0x08000d4d   Thumb Code    68  motor.o(i.Forward_TB)
    From_relative_xy_to_angle                0x08000d95   Thumb Code    84  control.o(i.From_relative_xy_to_angle)
    GPIO_Init                                0x08000dfd   Thumb Code   278  stm32f10x_gpio.o(i.GPIO_Init)
    GPIO_PinRemapConfig                      0x08000f15   Thumb Code   138  stm32f10x_gpio.o(i.GPIO_PinRemapConfig)
    GPIO_ResetBits                           0x08000fa5   Thumb Code     4  stm32f10x_gpio.o(i.GPIO_ResetBits)
    GPIO_SetBits                             0x08000fa9   Thumb Code     4  stm32f10x_gpio.o(i.GPIO_SetBits)
    GPIO_WriteBit                            0x08000fad   Thumb Code    10  stm32f10x_gpio.o(i.GPIO_WriteBit)
    Get_a_point                              0x08000fb9   Thumb Code   218  store.o(i.Get_a_point)
    HardFault_Handler                        0x0800109d   Thumb Code     4  stm32f10x_it.o(i.HardFault_Handler)
    KEY_Init                                 0x080010a1   Thumb Code    52  key.o(i.KEY_Init)
    LED_Init                                 0x080010dd   Thumb Code   166  led.o(i.LED_Init)
    MemManage_Handler                        0x08001191   Thumb Code     4  stm32f10x_it.o(i.MemManage_Handler)
    MyFLASH_ErasePage                        0x08001195   Thumb Code    20  myflash.o(i.MyFLASH_ErasePage)
    MyFLASH_ProgramHalfWord                  0x080011a9   Thumb Code    24  myflash.o(i.MyFLASH_ProgramHalfWord)
    MyFLASH_ReadHalfWord                     0x080011c1   Thumb Code     6  myflash.o(i.MyFLASH_ReadHalfWord)
    Mystrcat                                 0x080011c7   Thumb Code    32  data_analyse.o(i.Mystrcat)
    NCLink_Data_Prase_Prepare_Lite           0x080011e9   Thumb Code   314  data_analyse.o(i.NCLink_Data_Prase_Prepare_Lite)
    NCLink_Data_Prase_Process_Lite           0x0800133d   Thumb Code   816  data_analyse.o(i.NCLink_Data_Prase_Process_Lite)
    NMI_Handler                              0x080016b5   Thumb Code     2  stm32f10x_it.o(i.NMI_Handler)
    NVIC_Init                                0x080016b9   Thumb Code   100  misc.o(i.NVIC_Init)
    NVIC_PriorityGroupConfig                 0x08001729   Thumb Code    10  misc.o(i.NVIC_PriorityGroupConfig)
    OLED_Clear                               0x0800173d   Thumb Code    42  oled1.o(i.OLED_Clear)
    OLED_DrawPoint                           0x0800176d   Thumb Code   100  oled1.o(i.OLED_DrawPoint)
    OLED_I2C_Init                            0x080017d5   Thumb Code    72  oled1.o(i.OLED_I2C_Init)
    OLED_I2C_SendByte                        0x08001821   Thumb Code    74  oled1.o(i.OLED_I2C_SendByte)
    OLED_I2C_Start                           0x08001871   Thumb Code    44  oled1.o(i.OLED_I2C_Start)
    OLED_I2C_Stop                            0x080018a1   Thumb Code    34  oled1.o(i.OLED_I2C_Stop)
    OLED_Init                                0x080018c9   Thumb Code   174  oled1.o(i.OLED_Init)
    OLED_Refresh_Gram                        0x08001979   Thumb Code    62  oled1.o(i.OLED_Refresh_Gram)
    OLED_ShowChar                            0x080019bd   Thumb Code   254  oled1.o(i.OLED_ShowChar)
    OLED_ShowNum                             0x08001ac9   Thumb Code   148  oled1.o(i.OLED_ShowNum)
    OLED_ShowString                          0x08001b5d   Thumb Code    94  oled1.o(i.OLED_ShowString)
    OLED_Show_Float_num                      0x08001bbd   Thumb Code   496  oled1.o(i.OLED_Show_Float_num)
    OLED_WriteCommand                        0x08001dbd   Thumb Code    32  oled1.o(i.OLED_WriteCommand)
    OLED_WriteData                           0x08001ddd   Thumb Code    32  oled1.o(i.OLED_WriteData)
    PID_Control_Yaw                          0x08001dfd   Thumb Code   284  control.o(i.PID_Control_Yaw)
    POS_conctrol                             0x08001f45   Thumb Code   298  control.o(i.POS_conctrol)
    PendSV_Handler                           0x08002089   Thumb Code     2  stm32f10x_it.o(i.PendSV_Handler)
    RCC_APB1PeriphClockCmd                   0x0800208d   Thumb Code    26  stm32f10x_rcc.o(i.RCC_APB1PeriphClockCmd)
    RCC_APB2PeriphClockCmd                   0x080020ad   Thumb Code    26  stm32f10x_rcc.o(i.RCC_APB2PeriphClockCmd)
    RCC_GetClocksFreq                        0x080020cd   Thumb Code   192  stm32f10x_rcc.o(i.RCC_GetClocksFreq)
    Read_Encoder                             0x080021a1   Thumb Code    46  speed.o(i.Read_Encoder)
    Read_colors                              0x080021d9   Thumb Code    58  store.o(i.Read_colors)
    SDK_Data_Receive_Prepare_3               0x0800221d   Thumb Code   196  data_analyse.o(i.SDK_Data_Receive_Prepare_3)
    SDK_Mode_Task                            0x080022f9   Thumb Code  2690  control.o(i.SDK_Mode_Task)
    SDK_Num_Reset                            0x08002da5   Thumb Code    48  control.o(i.SDK_Num_Reset)
    SVC_Handler                              0x08002ddd   Thumb Code     2  stm32f10x_it.o(i.SVC_Handler)
    Serial_SendString                        0x08002ddf   Thumb Code    74  usart.o(i.Serial_SendString)
    Stop_TB                                  0x08002f11   Thumb Code    44  motor.o(i.Stop_TB)
    Store_Init                               0x08002f41   Thumb Code   112  store.o(i.Store_Init)
    Store_Save                               0x08002fb9   Thumb Code    40  store.o(i.Store_Save)
    Store_colors                             0x08002fe9   Thumb Code    56  store.o(i.Store_colors)
    SysTick_Handler                          0x08003029   Thumb Code     2  stm32f10x_it.o(i.SysTick_Handler)
    SystemInit                               0x0800302d   Thumb Code    78  system_stm32f10x.o(i.SystemInit)
    TIM2_PWM_Init                            0x080032cd   Thumb Code   192  motor.o(i.TIM2_PWM_Init)
    TIM3_IRQHandler                          0x08003391   Thumb Code   904  control.o(i.TIM3_IRQHandler)
    TIM3_Init                                0x08003791   Thumb Code    92  control.o(i.TIM3_Init)
    TIM5_IRQHandler                          0x080037f1   Thumb Code    94  speed.o(i.TIM5_IRQHandler)
    TIM5_Init                                0x08003861   Thumb Code    90  speed.o(i.TIM5_Init)
    TIM8_PWM_Init                            0x080038c1   Thumb Code   164  steering.o(i.TIM8_PWM_Init)
    TIM_ARRPreloadConfig                     0x0800396d   Thumb Code    24  stm32f10x_tim.o(i.TIM_ARRPreloadConfig)
    TIM_ClearFlag                            0x08003985   Thumb Code     6  stm32f10x_tim.o(i.TIM_ClearFlag)
    TIM_Cmd                                  0x0800398b   Thumb Code    24  stm32f10x_tim.o(i.TIM_Cmd)
    TIM_CtrlPWMOutputs                       0x080039a3   Thumb Code    30  stm32f10x_tim.o(i.TIM_CtrlPWMOutputs)
    TIM_EncoderInterfaceConfig               0x080039c1   Thumb Code    66  stm32f10x_tim.o(i.TIM_EncoderInterfaceConfig)
    TIM_ICInit                               0x08003a05   Thumb Code   150  stm32f10x_tim.o(i.TIM_ICInit)
    TIM_ICStructInit                         0x08003ab1   Thumb Code    18  stm32f10x_tim.o(i.TIM_ICStructInit)
    TIM_ITConfig                             0x08003ac3   Thumb Code    18  stm32f10x_tim.o(i.TIM_ITConfig)
    TIM_Init                                 0x08003ad5   Thumb Code    34  main.o(i.TIM_Init)
    TIM_OC1Init                              0x08003af9   Thumb Code   132  stm32f10x_tim.o(i.TIM_OC1Init)
    TIM_OC1PreloadConfig                     0x08003b91   Thumb Code    18  stm32f10x_tim.o(i.TIM_OC1PreloadConfig)
    TIM_OC2Init                              0x08003ba5   Thumb Code   154  stm32f10x_tim.o(i.TIM_OC2Init)
    TIM_OC2PreloadConfig                     0x08003c49   Thumb Code    26  stm32f10x_tim.o(i.TIM_OC2PreloadConfig)
    TIM_OC3Init                              0x08003c65   Thumb Code   150  stm32f10x_tim.o(i.TIM_OC3Init)
    TIM_OC3PreloadConfig                     0x08003d05   Thumb Code    18  stm32f10x_tim.o(i.TIM_OC3PreloadConfig)
    TIM_OC4Init                              0x08003d19   Thumb Code   114  stm32f10x_tim.o(i.TIM_OC4Init)
    TIM_OC4PreloadConfig                     0x08003d95   Thumb Code    26  stm32f10x_tim.o(i.TIM_OC4PreloadConfig)
    TIM_SetCompare1                          0x08003daf   Thumb Code     4  stm32f10x_tim.o(i.TIM_SetCompare1)
    TIM_SetCompare2                          0x08003db3   Thumb Code     4  stm32f10x_tim.o(i.TIM_SetCompare2)
    TIM_SetCompare3                          0x08003db7   Thumb Code     4  stm32f10x_tim.o(i.TIM_SetCompare3)
    TIM_SetCounter                           0x08003dbb   Thumb Code     4  stm32f10x_tim.o(i.TIM_SetCounter)
    TIM_SetIC1Prescaler                      0x08003dbf   Thumb Code    18  stm32f10x_tim.o(i.TIM_SetIC1Prescaler)
    TIM_SetIC2Prescaler                      0x08003dd1   Thumb Code    26  stm32f10x_tim.o(i.TIM_SetIC2Prescaler)
    TIM_SetIC3Prescaler                      0x08003deb   Thumb Code    18  stm32f10x_tim.o(i.TIM_SetIC3Prescaler)
    TIM_SetIC4Prescaler                      0x08003dfd   Thumb Code    26  stm32f10x_tim.o(i.TIM_SetIC4Prescaler)
    TIM_TimeBaseInit                         0x08003e19   Thumb Code   122  stm32f10x_tim.o(i.TIM_TimeBaseInit)
    TIM_TimeBaseStructInit                   0x08003ebd   Thumb Code    18  stm32f10x_tim.o(i.TIM_TimeBaseStructInit)
    Trun_SG90_angle                          0x08003ed1   Thumb Code    34  steering.o(i.Trun_SG90_angle)
    Turn_left                                0x08003ef9   Thumb Code    68  motor.o(i.Turn_left)
    Turn_right                               0x08003f41   Thumb Code    68  motor.o(i.Turn_right)
    Turn_with_relative_angle                 0x08003f89   Thumb Code   156  control.o(i.Turn_with_relative_angle)
    UART1_Data_Prase_Prepare_Lite            0x0800403d   Thumb Code   314  data_analyse.o(i.UART1_Data_Prase_Prepare_Lite)
    UART1_Data_Prase_Process_Lite            0x08004191   Thumb Code   162  data_analyse.o(i.UART1_Data_Prase_Process_Lite)
    UART4_IRQHandler                         0x08004251   Thumb Code    30  usart.o(i.UART4_IRQHandler)
    UARTx_SendByte                           0x08004275   Thumb Code    30  usart.o(i.UARTx_SendByte)
    UARTx_SendString                         0x08004293   Thumb Code    32  usart.o(i.UARTx_SendString)
    USART1_IRQHandler                        0x080042b5   Thumb Code    30  usart.o(i.USART1_IRQHandler)
    USART2_IRQHandler                        0x080042d9   Thumb Code    32  usart.o(i.USART2_IRQHandler)
    USART3_IRQHandler                        0x08004301   Thumb Code    30  usart.o(i.USART3_IRQHandler)
    USART_Cmd                                0x08004325   Thumb Code    24  stm32f10x_usart.o(i.USART_Cmd)
    USART_GetFlagStatus                      0x0800433d   Thumb Code    26  stm32f10x_usart.o(i.USART_GetFlagStatus)
    USART_GetITStatus                        0x08004357   Thumb Code    84  stm32f10x_usart.o(i.USART_GetITStatus)
    USART_ITConfig                           0x080043ab   Thumb Code    74  stm32f10x_usart.o(i.USART_ITConfig)
    USART_Init                               0x080043f5   Thumb Code   210  stm32f10x_usart.o(i.USART_Init)
    USART_ReceiveData                        0x080044cd   Thumb Code    10  stm32f10x_usart.o(i.USART_ReceiveData)
    USART_SendData                           0x080044d7   Thumb Code     8  stm32f10x_usart.o(i.USART_SendData)
    UsageFault_Handler                       0x080044df   Thumb Code     4  stm32f10x_it.o(i.UsageFault_Handler)
    constrain                                0x080044e3   Thumb Code    22  control.o(i.constrain)
    constrain_float                          0x080044f9   Thumb Code    40  control.o(i.constrain_float)
    gpio_init                                0x08004521   Thumb Code    40  main.o(i.gpio_init)
    int2str_low_ver                          0x0800454d   Thumb Code   542  data_analyse.o(i.int2str_low_ver)
    main                                     0x0800476d   Thumb Code   258  main.o(i.main)
    move_with_xy_target_relatively           0x080048a5   Thumb Code   240  control.o(i.move_with_xy_target_relatively)
    move_xy_barrier                          0x080049ad   Thumb Code   624  control.o(i.move_xy_barrier)
    mypow                                    0x08004c61   Thumb Code    22  oled1.o(i.mypow)
    sqrtf                                    0x08004c77   Thumb Code    44  sqrtf.o(i.sqrtf)
    uart                                     0x08004ca5   Thumb Code   804  usart.o(i.uart)
    wheel_speed_control                      0x08004fed   Thumb Code   494  control.o(i.wheel_speed_control)
    __aeabi_d2f                              0x080051fd   Thumb Code     0  d2f.o(x$fpl$d2f)
    _d2f                                     0x080051fd   Thumb Code    98  d2f.o(x$fpl$d2f)
    __aeabi_dadd                             0x08005261   Thumb Code     0  daddsub_clz.o(x$fpl$dadd)
    _dadd                                    0x08005261   Thumb Code   332  daddsub_clz.o(x$fpl$dadd)
    __fpl_dcmp_Inf                           0x080053b1   Thumb Code    24  dcmpi.o(x$fpl$dcmpinf)
    __aeabi_cdcmple                          0x080053c9   Thumb Code     0  dleqf.o(x$fpl$dleqf)
    _dcmple                                  0x080053c9   Thumb Code   120  dleqf.o(x$fpl$dleqf)
    __fpl_dcmple_InfNaN                      0x0800542b   Thumb Code     0  dleqf.o(x$fpl$dleqf)
    __fpl_dnaninf                            0x08005441   Thumb Code   156  dnaninf.o(x$fpl$dnaninf)
    __fpl_dretinf                            0x080054dd   Thumb Code    12  dretinf.o(x$fpl$dretinf)
    __aeabi_drsub                            0x080054e9   Thumb Code     0  daddsub_clz.o(x$fpl$drsb)
    _drsb                                    0x080054e9   Thumb Code    22  daddsub_clz.o(x$fpl$drsb)
    __aeabi_dsub                             0x08005501   Thumb Code     0  daddsub_clz.o(x$fpl$dsub)
    _dsub                                    0x08005501   Thumb Code   464  daddsub_clz.o(x$fpl$dsub)
    __aeabi_f2d                              0x080056d5   Thumb Code     0  f2d.o(x$fpl$f2d)
    _f2d                                     0x080056d5   Thumb Code    86  f2d.o(x$fpl$f2d)
    __aeabi_fadd                             0x0800572d   Thumb Code     0  faddsub_clz.o(x$fpl$fadd)
    _fadd                                    0x0800572d   Thumb Code   196  faddsub_clz.o(x$fpl$fadd)
    __fpl_fcmp_Inf                           0x080057f1   Thumb Code    24  fcmpi.o(x$fpl$fcmpinf)
    __aeabi_fdiv                             0x08005809   Thumb Code     0  fdiv.o(x$fpl$fdiv)
    _fdiv                                    0x08005809   Thumb Code   384  fdiv.o(x$fpl$fdiv)
    __aeabi_cfcmpeq                          0x0800598d   Thumb Code     0  feqf.o(x$fpl$feqf)
    _fcmpeq                                  0x0800598d   Thumb Code   104  feqf.o(x$fpl$feqf)
    __aeabi_f2iz                             0x080059f5   Thumb Code     0  ffix.o(x$fpl$ffix)
    _ffix                                    0x080059f5   Thumb Code    54  ffix.o(x$fpl$ffix)
    __aeabi_f2uiz                            0x08005a2d   Thumb Code     0  ffixu.o(x$fpl$ffixu)
    _ffixu                                   0x08005a2d   Thumb Code    62  ffixu.o(x$fpl$ffixu)
    __aeabi_i2f                              0x08005a6d   Thumb Code     0  fflt_clz.o(x$fpl$fflt)
    _fflt                                    0x08005a6d   Thumb Code    48  fflt_clz.o(x$fpl$fflt)
    __aeabi_ui2f                             0x08005a9d   Thumb Code     0  fflt_clz.o(x$fpl$ffltu)
    _ffltu                                   0x08005a9d   Thumb Code    38  fflt_clz.o(x$fpl$ffltu)
    __aeabi_cfcmple                          0x08005ac5   Thumb Code     0  fleqf.o(x$fpl$fleqf)
    _fcmple                                  0x08005ac5   Thumb Code   104  fleqf.o(x$fpl$fleqf)
    __fpl_fcmple_InfNaN                      0x08005b17   Thumb Code     0  fleqf.o(x$fpl$fleqf)
    __aeabi_fmul                             0x08005b2d   Thumb Code     0  fmul.o(x$fpl$fmul)
    _fmul                                    0x08005b2d   Thumb Code   258  fmul.o(x$fpl$fmul)
    __fpl_fnaninf                            0x08005c2f   Thumb Code   140  fnaninf.o(x$fpl$fnaninf)
    __fpl_fretinf                            0x08005cbb   Thumb Code    10  fretinf.o(x$fpl$fretinf)
    __aeabi_cfrcmple                         0x08005cc5   Thumb Code     0  frleqf.o(x$fpl$frleqf)
    _frcmple                                 0x08005cc5   Thumb Code    98  frleqf.o(x$fpl$frleqf)
    __aeabi_frsub                            0x08005d27   Thumb Code     0  faddsub_clz.o(x$fpl$frsb)
    _frsb                                    0x08005d27   Thumb Code    20  faddsub_clz.o(x$fpl$frsb)
    _fsqrt                                   0x08005d3d   Thumb Code   272  fsqrt.o(x$fpl$fsqrt)
    __aeabi_fsub                             0x08005e4d   Thumb Code     0  faddsub_clz.o(x$fpl$fsub)
    _fsub                                    0x08005e4d   Thumb Code   234  faddsub_clz.o(x$fpl$fsub)
    __I$use$fp                               0x08005f36   Number         0  usenofp.o(x$fpl$usenofp)
    Node_crd                                 0x08005f38   Data         208  main.o(.constdata)
    Incident_Matrix                          0x08006008   Data         676  main.o(.constdata)
    sinTable                                 0x080062ac   Data        2052  data_analyse.o(.constdata)
    asc2_1206                                0x08006ac0   Data        1140  oled1.o(.constdata)
    asc2_1608                                0x08006f34   Data        1520  oled1.o(.constdata)
    asc2_2412                                0x08007524   Data        3420  oled1.o(.constdata)
    Chinese_16                               0x08008280   Data        1312  oled1.o(.constdata)
    Chinese_24                               0x080087a0   Data         216  oled1.o(.constdata)
    Graph1                                   0x08008878   Data         156  oled1.o(.constdata)
    Graph2                                   0x08008914   Data        1024  oled1.o(.constdata)
    Graph3                                   0x08008d14   Data         128  oled1.o(.constdata)
    Graph4                                   0x08008d94   Data         156  oled1.o(.constdata)
    Graph5                                   0x08008e30   Data         180  oled1.o(.constdata)
    Region$$Table$$Base                      0x08008ee4   Number         0  anon$$obj.o(Region$$Table)
    Region$$Table$$Limit                     0x08008f04   Number         0  anon$$obj.o(Region$$Table)
    ADC_ConvertedValue                       0x20000014   Data           4  main.o(.data)
    Analogue_PID_VAL                         0x20000018   Data           2  main.o(.data)
    condition                                0x2000001a   Data           1  main.o(.data)
    keynum                                   0x2000001b   Data           1  main.o(.data)
    opv_x                                    0x2000001c   Data           1  main.o(.data)
    opv_y                                    0x2000001d   Data           1  main.o(.data)
    read_color_flag                          0x2000001e   Data           1  main.o(.data)
    color_num                                0x2000001f   Data           1  main.o(.data)
    SDK_mode                                 0x20000020   Data           1  main.o(.data)
    point_num                                0x20000021   Data           1  main.o(.data)
    goal_num                                 0x20000022   Data           1  main.o(.data)
    Min_compute_flag                         0x20000023   Data           1  main.o(.data)
    Min_dis_for_DJST                         0x20000024   Data           4  main.o(.data)
    Fire_to_Node_dis                         0x20000028   Data           4  main.o(.data)
    Min_num_for_DJST                         0x2000002c   Data           1  main.o(.data)
    TIME_CNT                                 0x20000030   Data           1  control.o(.data)
    Duty_flag_num                            0x20000031   Data           1  control.o(.data)
    Reach_flag                               0x20000032   Data           1  control.o(.data)
    update_flag                              0x20000033   Data           1  control.o(.data)
    process_num                              0x20000034   Data           1  control.o(.data)
    x_start_offset                           0x20000038   Data           4  control.o(.data)
    y_start_offset                           0x2000003c   Data           4  control.o(.data)
    manual_point                             0x20000040   Data          64  control.o(.data)
    manual_patrol_point                      0x20000080   Data          80  control.o(.data)
    Manual_Patrol_Node                       0x200000d0   Data          48  control.o(.data)
    led_num_times                            0x20000100   Data          14  control.o(.data)
    sensor                                   0x2000010e   Data           5  control.o(.data)
    FlagPresent                              0x20000113   Data           1  control.o(.data)
    FlagLast                                 0x20000114   Data           1  control.o(.data)
    Flag                                     0x20000115   Data           1  control.o(.data)
    STOP_flag                                0x20000116   Data           1  control.o(.data)
    Finish_flag                              0x20000117   Data           1  control.o(.data)
    fflag                                    0x20000118   Data           1  control.o(.data)
    fflagcrossing                            0x20000119   Data           1  control.o(.data)
    PID_Minus                                0x2000011a   Data           2  control.o(.data)
    OUTPUT1                                  0x2000011c   Data           4  control.o(.data)
    OUTPUT2                                  0x20000120   Data           4  control.o(.data)
    TimerClear                               0x20000124   Data           1  control.o(.data)
    Judge                                    0x20000125   Data           1  control.o(.data)
    Flight_pre_position                      0x20000128   Data           8  control.o(.data)
    Flight_cur_position                      0x20000130   Data           8  control.o(.data)
    Flight_moving_dis                        0x20000138   Data           4  control.o(.data)
    Flight_moving_dis_delta                  0x2000013c   Data           4  control.o(.data)
    Car_to_fire_angle                        0x20000140   Data           4  control.o(.data)
    Map_x                                    0x20000144   Data           4  control.o(.data)
    Map_y                                    0x20000148   Data           4  control.o(.data)
    LCD_str1                                 0x2000014c   Data          14  control.o(.data)
    LCD_str2                                 0x2000015a   Data          14  control.o(.data)
    LCD_str3                                 0x20000168   Data          14  control.o(.data)
    LCD_str4                                 0x20000176   Data           7  control.o(.data)
    LCD_str5                                 0x2000017d   Data          20  control.o(.data)
    LCD_str6                                 0x20000191   Data          20  control.o(.data)
    LCD_str7                                 0x200001a5   Data          20  control.o(.data)
    LCD_str8                                 0x200001b9   Data          20  control.o(.data)
    str_of_num                               0x200001cd   Data           6  control.o(.data)
    End_of_str                               0x200001d3   Data           4  control.o(.data)
    Str_to_Flight                            0x200001d7   Data           8  control.o(.data)
    Speed_left                               0x20000208   Data           2  speed.o(.data)
    Speed_right                              0x2000020a   Data           2  speed.o(.data)
    Min_ang                                  0x20000210   Data           4  data_analyse.o(.data)
    Min_dis                                  0x20000214   Data           4  data_analyse.o(.data)
    Flight_current_position                  0x20000218   Data           8  data_analyse.o(.data)
    Fire_position                            0x20000220   Data           8  data_analyse.o(.data)
    read_flag                                0x20000228   Data           1  data_analyse.o(.data)
    read_flag_opv                            0x20000229   Data           1  data_analyse.o(.data)
    read_Flight_flag                         0x2000022a   Data           1  data_analyse.o(.data)
    Launch_flag                              0x2000022b   Data           1  data_analyse.o(.data)
    Color_Fire_flag                          0x2000022c   Data           1  data_analyse.o(.data)
    FloatUnion                               0x20000230   Data           4  data_analyse.o(.data)
    Function_Data_UART4                      0x20000234   Data           1  data_analyse.o(.data)
    Num_Data_UART4                           0x20000235   Data           1  data_analyse.o(.data)
    Height_Data                              0x20000236   Data           1  data_analyse.o(.data)
    Read_Whole_Data_Flag_UART4               0x20000237   Data           1  data_analyse.o(.data)
    buildings_color                          0x20000247   Data           6  store.o(.data)
    V831_Read_num                            0x2000024d   Data           1  usart.o(.data)
    re_pos                                   0x20000250   Data          20  main.o(.bss)
    DJST_Node                                0x20000264   Data         208  main.o(.bss)
    Pre_node_num                             0x20000334   Data          26  main.o(.bss)
    Node_Map                                 0x20000350   Data        2704  main.o(.bss)
    Duty_flag                                0x20000e64   Data          30  control.o(.bss)
    Lidar_Car                                0x20000e84   Data          16  control.o(.bss)
    Yaw_Angle_Control                        0x20000e94   Data          48  control.o(.bss)
    L_wheel                                  0x20000ec4   Data          48  control.o(.bss)
    R_wheel                                  0x20000ef4   Data          48  control.o(.bss)
    LCD_str                                  0x20000f24   Data          50  control.o(.bss)
    current_state                            0x20001020   Data          44  data_analyse.o(.bss)
    barrier_state                            0x2000104c   Data          44  data_analyse.o(.bss)
    DKR                                      0x20001078   Data          12  data_analyse.o(.bss)
    OLED_GRAM                                0x20001084   Data        1024  oled1.o(.bss)
    Store_Data                               0x20001484   Data        1024  store.o(.bss)
    store_point                              0x20001884   Data         320  store.o(.bss)
    __libspace_start                         0x200019c4   Data          96  libspace.o(.bss)
    __temporary_stack_top$libspace           0x20001a24   Data           0  libspace.o(.bss)



==============================================================================

Memory Map of the image

  Image Entry point : 0x08000131

  Load Region LR_IROM1 (Base: 0x08000000, Size: 0x00009154, Max: 0x0007f000, ABSOLUTE, COMPRESSED[0x00008ff4])

    Execution Region ER_IROM1 (Exec base: 0x08000000, Load base: 0x08000000, Size: 0x00008f04, Max: 0x0007f000, ABSOLUTE)

    Exec Addr    Load Addr    Size         Type   Attr      Idx    E Section Name        Object

    0x08000000   0x08000000   0x00000130   Data   RO           19    RESET               startup_stm32f10x_hd.o
    0x08000130   0x08000130   0x00000008   Code   RO         4299  * !!!main             c_w.l(__main.o)
    0x08000138   0x08000138   0x00000034   Code   RO         4532    !!!scatter          c_w.l(__scatter.o)
    0x0800016c   0x0800016c   0x0000005a   Code   RO         4530    !!dczerorl2         c_w.l(__dczerorl2.o)
    0x080001c6   0x080001c6   0x00000002   PAD
    0x080001c8   0x080001c8   0x0000001c   Code   RO         4534    !!handler_zi        c_w.l(__scatter_zi.o)
    0x080001e4   0x080001e4   0x00000002   Code   RO         4403    .ARM.Collect$$libinit$$00000000  c_w.l(libinit.o)
    0x080001e6   0x080001e6   0x00000000   Code   RO         4407    .ARM.Collect$$libinit$$00000002  c_w.l(libinit2.o)
    0x080001e6   0x080001e6   0x00000000   Code   RO         4409    .ARM.Collect$$libinit$$00000004  c_w.l(libinit2.o)
    0x080001e6   0x080001e6   0x00000000   Code   RO         4412    .ARM.Collect$$libinit$$0000000A  c_w.l(libinit2.o)
    0x080001e6   0x080001e6   0x00000000   Code   RO         4414    .ARM.Collect$$libinit$$0000000C  c_w.l(libinit2.o)
    0x080001e6   0x080001e6   0x00000000   Code   RO         4416    .ARM.Collect$$libinit$$0000000E  c_w.l(libinit2.o)
    0x080001e6   0x080001e6   0x00000000   Code   RO         4419    .ARM.Collect$$libinit$$00000011  c_w.l(libinit2.o)
    0x080001e6   0x080001e6   0x00000000   Code   RO         4421    .ARM.Collect$$libinit$$00000013  c_w.l(libinit2.o)
    0x080001e6   0x080001e6   0x00000000   Code   RO         4423    .ARM.Collect$$libinit$$00000015  c_w.l(libinit2.o)
    0x080001e6   0x080001e6   0x00000000   Code   RO         4425    .ARM.Collect$$libinit$$00000017  c_w.l(libinit2.o)
    0x080001e6   0x080001e6   0x00000000   Code   RO         4427    .ARM.Collect$$libinit$$00000019  c_w.l(libinit2.o)
    0x080001e6   0x080001e6   0x00000000   Code   RO         4429    .ARM.Collect$$libinit$$0000001B  c_w.l(libinit2.o)
    0x080001e6   0x080001e6   0x00000000   Code   RO         4431    .ARM.Collect$$libinit$$0000001D  c_w.l(libinit2.o)
    0x080001e6   0x080001e6   0x00000000   Code   RO         4433    .ARM.Collect$$libinit$$0000001F  c_w.l(libinit2.o)
    0x080001e6   0x080001e6   0x00000000   Code   RO         4435    .ARM.Collect$$libinit$$00000021  c_w.l(libinit2.o)
    0x080001e6   0x080001e6   0x00000000   Code   RO         4437    .ARM.Collect$$libinit$$00000023  c_w.l(libinit2.o)
    0x080001e6   0x080001e6   0x00000000   Code   RO         4439    .ARM.Collect$$libinit$$00000025  c_w.l(libinit2.o)
    0x080001e6   0x080001e6   0x00000000   Code   RO         4443    .ARM.Collect$$libinit$$0000002C  c_w.l(libinit2.o)
    0x080001e6   0x080001e6   0x00000000   Code   RO         4445    .ARM.Collect$$libinit$$0000002E  c_w.l(libinit2.o)
    0x080001e6   0x080001e6   0x00000000   Code   RO         4447    .ARM.Collect$$libinit$$00000030  c_w.l(libinit2.o)
    0x080001e6   0x080001e6   0x00000000   Code   RO         4449    .ARM.Collect$$libinit$$00000032  c_w.l(libinit2.o)
    0x080001e6   0x080001e6   0x00000002   Code   RO         4450    .ARM.Collect$$libinit$$00000033  c_w.l(libinit2.o)
    0x080001e8   0x080001e8   0x00000002   Code   RO         4470    .ARM.Collect$$libshutdown$$00000000  c_w.l(libshutdown.o)
    0x080001ea   0x080001ea   0x00000000   Code   RO         4483    .ARM.Collect$$libshutdown$$00000002  c_w.l(libshutdown2.o)
    0x080001ea   0x080001ea   0x00000000   Code   RO         4485    .ARM.Collect$$libshutdown$$00000004  c_w.l(libshutdown2.o)
    0x080001ea   0x080001ea   0x00000000   Code   RO         4488    .ARM.Collect$$libshutdown$$00000007  c_w.l(libshutdown2.o)
    0x080001ea   0x080001ea   0x00000000   Code   RO         4491    .ARM.Collect$$libshutdown$$0000000A  c_w.l(libshutdown2.o)
    0x080001ea   0x080001ea   0x00000000   Code   RO         4493    .ARM.Collect$$libshutdown$$0000000C  c_w.l(libshutdown2.o)
    0x080001ea   0x080001ea   0x00000000   Code   RO         4496    .ARM.Collect$$libshutdown$$0000000F  c_w.l(libshutdown2.o)
    0x080001ea   0x080001ea   0x00000002   Code   RO         4497    .ARM.Collect$$libshutdown$$00000010  c_w.l(libshutdown2.o)
    0x080001ec   0x080001ec   0x00000000   Code   RO         4353    .ARM.Collect$$rtentry$$00000000  c_w.l(__rtentry.o)
    0x080001ec   0x080001ec   0x00000000   Code   RO         4372    .ARM.Collect$$rtentry$$00000002  c_w.l(__rtentry2.o)
    0x080001ec   0x080001ec   0x00000006   Code   RO         4384    .ARM.Collect$$rtentry$$00000004  c_w.l(__rtentry4.o)
    0x080001f2   0x080001f2   0x00000000   Code   RO         4374    .ARM.Collect$$rtentry$$00000009  c_w.l(__rtentry2.o)
    0x080001f2   0x080001f2   0x00000004   Code   RO         4375    .ARM.Collect$$rtentry$$0000000A  c_w.l(__rtentry2.o)
    0x080001f6   0x080001f6   0x00000000   Code   RO         4377    .ARM.Collect$$rtentry$$0000000C  c_w.l(__rtentry2.o)
    0x080001f6   0x080001f6   0x00000008   Code   RO         4378    .ARM.Collect$$rtentry$$0000000D  c_w.l(__rtentry2.o)
    0x080001fe   0x080001fe   0x00000002   Code   RO         4404    .ARM.Collect$$rtexit$$00000000  c_w.l(rtexit.o)
    0x08000200   0x08000200   0x00000000   Code   RO         4452    .ARM.Collect$$rtexit$$00000002  c_w.l(rtexit2.o)
    0x08000200   0x08000200   0x00000004   Code   RO         4453    .ARM.Collect$$rtexit$$00000003  c_w.l(rtexit2.o)
    0x08000204   0x08000204   0x00000006   Code   RO         4454    .ARM.Collect$$rtexit$$00000004  c_w.l(rtexit2.o)
    0x0800020a   0x0800020a   0x00000002   PAD
    0x0800020c   0x0800020c   0x00000040   Code   RO           20    .text               startup_stm32f10x_hd.o
    0x0800024c   0x0800024c   0x00000048   Code   RO         4293    .text               c_w.l(strcpy.o)
    0x08000294   0x08000294   0x0000004e   Code   RO         4295    .text               c_w.l(rt_memclr_w.o)
    0x080002e2   0x080002e2   0x00000006   Code   RO         4297    .text               c_w.l(heapauxi.o)
    0x080002e8   0x080002e8   0x00000016   Code   RO         4354    .text               c_w.l(_rserrno.o)
    0x080002fe   0x080002fe   0x00000002   PAD
    0x08000300   0x08000300   0x00000008   Code   RO         4389    .text               c_w.l(rt_errno_addr_intlibspace.o)
    0x08000308   0x08000308   0x00000008   Code   RO         4391    .text               c_w.l(libspace.o)
    0x08000310   0x08000310   0x0000004a   Code   RO         4394    .text               c_w.l(sys_stackheap_outer.o)
    0x0800035a   0x0800035a   0x00000012   Code   RO         4396    .text               c_w.l(exit.o)
    0x0800036c   0x0800036c   0x0000000c   Code   RO         4462    .text               c_w.l(sys_exit.o)
    0x08000378   0x08000378   0x00000002   Code   RO         4473    .text               c_w.l(use_no_semi.o)
    0x0800037a   0x0800037a   0x00000000   Code   RO         4475    .text               c_w.l(indicate_semi.o)
    0x0800037a   0x0800037a   0x00000002   PAD
    0x0800037c   0x0800037c   0x00000200   Code   RO         3526    i.Angle_Control_Target  control.o
    0x0800057c   0x0800057c   0x0000023c   Code   RO         4056    i.Bling_mode        led.o
    0x080007b8   0x080007b8   0x00000004   Code   RO         3372    i.BusFault_Handler  stm32f10x_it.o
    0x080007bc   0x080007bc   0x00000028   Code   RO         3714    i.Byte2Float        data_analyse.o
    0x080007e4   0x080007e4   0x00000002   Code   RO         3373    i.DebugMon_Handler  stm32f10x_it.o
    0x080007e6   0x080007e6   0x00000002   PAD
    0x080007e8   0x080007e8   0x000000ac   Code   RO         3656    i.Encoder_Init_TIM1  speed.o
    0x08000894   0x08000894   0x00000098   Code   RO         3657    i.Encoder_Init_TIM4  speed.o
    0x0800092c   0x0800092c   0x0000004c   Code   RO         1046    i.FLASH_ErasePage   stm32f10x_flash.o
    0x08000978   0x08000978   0x00000034   Code   RO         1047    i.FLASH_GetBank1Status  stm32f10x_flash.o
    0x080009ac   0x080009ac   0x00000014   Code   RO         1056    i.FLASH_Lock        stm32f10x_flash.o
    0x080009c0   0x080009c0   0x00000040   Code   RO         1059    i.FLASH_ProgramHalfWord  stm32f10x_flash.o
    0x08000a00   0x08000a00   0x00000018   Code   RO         1064    i.FLASH_Unlock      stm32f10x_flash.o
    0x08000a18   0x08000a18   0x00000026   Code   RO         1068    i.FLASH_WaitForLastOperation  stm32f10x_flash.o
    0x08000a3e   0x08000a3e   0x00000002   PAD
    0x08000a40   0x08000a40   0x000001c0   Code   RO         3716    i.FastAtan2         data_analyse.o
    0x08000c00   0x08000c00   0x000000ac   Code   RO         3717    i.FastCos           data_analyse.o
    0x08000cac   0x08000cac   0x000000a0   Code   RO         3718    i.FastSin           data_analyse.o
    0x08000d4c   0x08000d4c   0x00000048   Code   RO         3462    i.Forward_TB        motor.o
    0x08000d94   0x08000d94   0x00000068   Code   RO         3527    i.From_relative_xy_to_angle  control.o
    0x08000dfc   0x08000dfc   0x00000116   Code   RO         1347    i.GPIO_Init         stm32f10x_gpio.o
    0x08000f12   0x08000f12   0x00000002   PAD
    0x08000f14   0x08000f14   0x00000090   Code   RO         1349    i.GPIO_PinRemapConfig  stm32f10x_gpio.o
    0x08000fa4   0x08000fa4   0x00000004   Code   RO         1354    i.GPIO_ResetBits    stm32f10x_gpio.o
    0x08000fa8   0x08000fa8   0x00000004   Code   RO         1355    i.GPIO_SetBits      stm32f10x_gpio.o
    0x08000fac   0x08000fac   0x0000000a   Code   RO         1358    i.GPIO_WriteBit     stm32f10x_gpio.o
    0x08000fb6   0x08000fb6   0x00000002   PAD
    0x08000fb8   0x08000fb8   0x000000e4   Code   RO         4151    i.Get_a_point       store.o
    0x0800109c   0x0800109c   0x00000004   Code   RO         3374    i.HardFault_Handler  stm32f10x_it.o
    0x080010a0   0x080010a0   0x0000003c   Code   RO         4078    i.KEY_Init          key.o
    0x080010dc   0x080010dc   0x000000b4   Code   RO         4057    i.LED_Init          led.o
    0x08001190   0x08001190   0x00000004   Code   RO         3375    i.MemManage_Handler  stm32f10x_it.o
    0x08001194   0x08001194   0x00000014   Code   RO         4104    i.MyFLASH_ErasePage  myflash.o
    0x080011a8   0x080011a8   0x00000018   Code   RO         4105    i.MyFLASH_ProgramHalfWord  myflash.o
    0x080011c0   0x080011c0   0x00000006   Code   RO         4108    i.MyFLASH_ReadHalfWord  myflash.o
    0x080011c6   0x080011c6   0x00000020   Code   RO         3720    i.Mystrcat          data_analyse.o
    0x080011e6   0x080011e6   0x00000002   PAD
    0x080011e8   0x080011e8   0x00000154   Code   RO         3721    i.NCLink_Data_Prase_Prepare_Lite  data_analyse.o
    0x0800133c   0x0800133c   0x00000378   Code   RO         3722    i.NCLink_Data_Prase_Process_Lite  data_analyse.o
    0x080016b4   0x080016b4   0x00000002   Code   RO         3376    i.NMI_Handler       stm32f10x_it.o
    0x080016b6   0x080016b6   0x00000002   PAD
    0x080016b8   0x080016b8   0x00000070   Code   RO          137    i.NVIC_Init         misc.o
    0x08001728   0x08001728   0x00000014   Code   RO          138    i.NVIC_PriorityGroupConfig  misc.o
    0x0800173c   0x0800173c   0x00000030   Code   RO         3914    i.OLED_Clear        oled1.o
    0x0800176c   0x0800176c   0x00000068   Code   RO         3916    i.OLED_DrawPoint    oled1.o
    0x080017d4   0x080017d4   0x0000004c   Code   RO         3917    i.OLED_I2C_Init     oled1.o
    0x08001820   0x08001820   0x00000050   Code   RO         3918    i.OLED_I2C_SendByte  oled1.o
    0x08001870   0x08001870   0x00000030   Code   RO         3919    i.OLED_I2C_Start    oled1.o
    0x080018a0   0x080018a0   0x00000028   Code   RO         3920    i.OLED_I2C_Stop     oled1.o
    0x080018c8   0x080018c8   0x000000ae   Code   RO         3921    i.OLED_Init         oled1.o
    0x08001976   0x08001976   0x00000002   PAD
    0x08001978   0x08001978   0x00000044   Code   RO         3924    i.OLED_Refresh_Gram  oled1.o
    0x080019bc   0x080019bc   0x0000010c   Code   RO         3925    i.OLED_ShowChar     oled1.o
    0x08001ac8   0x08001ac8   0x00000094   Code   RO         3927    i.OLED_ShowNum      oled1.o
    0x08001b5c   0x08001b5c   0x0000005e   Code   RO         3928    i.OLED_ShowString   oled1.o
    0x08001bba   0x08001bba   0x00000002   PAD
    0x08001bbc   0x08001bbc   0x00000200   Code   RO         3931    i.OLED_Show_Float_num  oled1.o
    0x08001dbc   0x08001dbc   0x00000020   Code   RO         3932    i.OLED_WriteCommand  oled1.o
    0x08001ddc   0x08001ddc   0x00000020   Code   RO         3933    i.OLED_WriteData    oled1.o
    0x08001dfc   0x08001dfc   0x00000148   Code   RO         3529    i.PID_Control_Yaw   control.o
    0x08001f44   0x08001f44   0x00000144   Code   RO         3530    i.POS_conctrol      control.o
    0x08002088   0x08002088   0x00000002   Code   RO         3377    i.PendSV_Handler    stm32f10x_it.o
    0x0800208a   0x0800208a   0x00000002   PAD
    0x0800208c   0x0800208c   0x00000020   Code   RO         1775    i.RCC_APB1PeriphClockCmd  stm32f10x_rcc.o
    0x080020ac   0x080020ac   0x00000020   Code   RO         1777    i.RCC_APB2PeriphClockCmd  stm32f10x_rcc.o
    0x080020cc   0x080020cc   0x000000d4   Code   RO         1785    i.RCC_GetClocksFreq  stm32f10x_rcc.o
    0x080021a0   0x080021a0   0x00000038   Code   RO         3658    i.Read_Encoder      speed.o
    0x080021d8   0x080021d8   0x00000044   Code   RO         4152    i.Read_colors       store.o
    0x0800221c   0x0800221c   0x000000dc   Code   RO         3724    i.SDK_Data_Receive_Prepare_3  data_analyse.o
    0x080022f8   0x080022f8   0x00000aac   Code   RO         3531    i.SDK_Mode_Task     control.o
    0x08002da4   0x08002da4   0x00000038   Code   RO         3532    i.SDK_Num_Reset     control.o
    0x08002ddc   0x08002ddc   0x00000002   Code   RO         3378    i.SVC_Handler       stm32f10x_it.o
    0x08002dde   0x08002dde   0x0000004a   Code   RO         4234    i.Serial_SendString  usart.o
    0x08002e28   0x08002e28   0x00000008   Code   RO           24    i.SetSysClock       system_stm32f10x.o
    0x08002e30   0x08002e30   0x000000e0   Code   RO           25    i.SetSysClockTo72   system_stm32f10x.o
    0x08002f10   0x08002f10   0x00000030   Code   RO         3464    i.Stop_TB           motor.o
    0x08002f40   0x08002f40   0x00000078   Code   RO         4154    i.Store_Init        store.o
    0x08002fb8   0x08002fb8   0x00000030   Code   RO         4155    i.Store_Save        store.o
    0x08002fe8   0x08002fe8   0x00000040   Code   RO         4157    i.Store_colors      store.o
    0x08003028   0x08003028   0x00000002   Code   RO         3379    i.SysTick_Handler   stm32f10x_it.o
    0x0800302a   0x0800302a   0x00000002   PAD
    0x0800302c   0x0800302c   0x00000060   Code   RO           27    i.SystemInit        system_stm32f10x.o
    0x0800308c   0x0800308c   0x00000080   Code   RO         2405    i.TI1_Config        stm32f10x_tim.o
    0x0800310c   0x0800310c   0x00000098   Code   RO         2406    i.TI2_Config        stm32f10x_tim.o
    0x080031a4   0x080031a4   0x00000090   Code   RO         2407    i.TI3_Config        stm32f10x_tim.o
    0x08003234   0x08003234   0x00000098   Code   RO         2408    i.TI4_Config        stm32f10x_tim.o
    0x080032cc   0x080032cc   0x000000c4   Code   RO         3465    i.TIM2_PWM_Init     motor.o
    0x08003390   0x08003390   0x00000400   Code   RO         3533    i.TIM3_IRQHandler   control.o
    0x08003790   0x08003790   0x00000060   Code   RO         3534    i.TIM3_Init         control.o
    0x080037f0   0x080037f0   0x00000070   Code   RO         3660    i.TIM5_IRQHandler   speed.o
    0x08003860   0x08003860   0x00000060   Code   RO         3661    i.TIM5_Init         speed.o
    0x080038c0   0x080038c0   0x000000ac   Code   RO         4213    i.TIM8_PWM_Init     steering.o
    0x0800396c   0x0800396c   0x00000018   Code   RO         2409    i.TIM_ARRPreloadConfig  stm32f10x_tim.o
    0x08003984   0x08003984   0x00000006   Code   RO         2415    i.TIM_ClearFlag     stm32f10x_tim.o
    0x0800398a   0x0800398a   0x00000018   Code   RO         2421    i.TIM_Cmd           stm32f10x_tim.o
    0x080039a2   0x080039a2   0x0000001e   Code   RO         2423    i.TIM_CtrlPWMOutputs  stm32f10x_tim.o
    0x080039c0   0x080039c0   0x00000042   Code   RO         2430    i.TIM_EncoderInterfaceConfig  stm32f10x_tim.o
    0x08003a02   0x08003a02   0x00000002   PAD
    0x08003a04   0x08003a04   0x000000ac   Code   RO         2444    i.TIM_ICInit        stm32f10x_tim.o
    0x08003ab0   0x08003ab0   0x00000012   Code   RO         2445    i.TIM_ICStructInit  stm32f10x_tim.o
    0x08003ac2   0x08003ac2   0x00000012   Code   RO         2446    i.TIM_ITConfig      stm32f10x_tim.o
    0x08003ad4   0x08003ad4   0x00000022   Code   RO         3199    i.TIM_Init          main.o
    0x08003af6   0x08003af6   0x00000002   PAD
    0x08003af8   0x08003af8   0x00000098   Code   RO         2450    i.TIM_OC1Init       stm32f10x_tim.o
    0x08003b90   0x08003b90   0x00000012   Code   RO         2453    i.TIM_OC1PreloadConfig  stm32f10x_tim.o
    0x08003ba2   0x08003ba2   0x00000002   PAD
    0x08003ba4   0x08003ba4   0x000000a4   Code   RO         2455    i.TIM_OC2Init       stm32f10x_tim.o
    0x08003c48   0x08003c48   0x0000001a   Code   RO         2458    i.TIM_OC2PreloadConfig  stm32f10x_tim.o
    0x08003c62   0x08003c62   0x00000002   PAD
    0x08003c64   0x08003c64   0x000000a0   Code   RO         2460    i.TIM_OC3Init       stm32f10x_tim.o
    0x08003d04   0x08003d04   0x00000012   Code   RO         2463    i.TIM_OC3PreloadConfig  stm32f10x_tim.o
    0x08003d16   0x08003d16   0x00000002   PAD
    0x08003d18   0x08003d18   0x0000007c   Code   RO         2465    i.TIM_OC4Init       stm32f10x_tim.o
    0x08003d94   0x08003d94   0x0000001a   Code   RO         2467    i.TIM_OC4PreloadConfig  stm32f10x_tim.o
    0x08003dae   0x08003dae   0x00000004   Code   RO         2482    i.TIM_SetCompare1   stm32f10x_tim.o
    0x08003db2   0x08003db2   0x00000004   Code   RO         2483    i.TIM_SetCompare2   stm32f10x_tim.o
    0x08003db6   0x08003db6   0x00000004   Code   RO         2484    i.TIM_SetCompare3   stm32f10x_tim.o
    0x08003dba   0x08003dba   0x00000004   Code   RO         2486    i.TIM_SetCounter    stm32f10x_tim.o
    0x08003dbe   0x08003dbe   0x00000012   Code   RO         2487    i.TIM_SetIC1Prescaler  stm32f10x_tim.o
    0x08003dd0   0x08003dd0   0x0000001a   Code   RO         2488    i.TIM_SetIC2Prescaler  stm32f10x_tim.o
    0x08003dea   0x08003dea   0x00000012   Code   RO         2489    i.TIM_SetIC3Prescaler  stm32f10x_tim.o
    0x08003dfc   0x08003dfc   0x0000001a   Code   RO         2490    i.TIM_SetIC4Prescaler  stm32f10x_tim.o
    0x08003e16   0x08003e16   0x00000002   PAD
    0x08003e18   0x08003e18   0x000000a4   Code   RO         2492    i.TIM_TimeBaseInit  stm32f10x_tim.o
    0x08003ebc   0x08003ebc   0x00000012   Code   RO         2493    i.TIM_TimeBaseStructInit  stm32f10x_tim.o
    0x08003ece   0x08003ece   0x00000002   PAD
    0x08003ed0   0x08003ed0   0x00000028   Code   RO         4214    i.Trun_SG90_angle   steering.o
    0x08003ef8   0x08003ef8   0x00000048   Code   RO         3466    i.Turn_left         motor.o
    0x08003f40   0x08003f40   0x00000048   Code   RO         3467    i.Turn_right        motor.o
    0x08003f88   0x08003f88   0x000000b4   Code   RO         3535    i.Turn_with_relative_angle  control.o
    0x0800403c   0x0800403c   0x00000154   Code   RO         3725    i.UART1_Data_Prase_Prepare_Lite  data_analyse.o
    0x08004190   0x08004190   0x000000c0   Code   RO         3726    i.UART1_Data_Prase_Process_Lite  data_analyse.o
    0x08004250   0x08004250   0x00000024   Code   RO         4235    i.UART4_IRQHandler  usart.o
    0x08004274   0x08004274   0x0000001e   Code   RO         4236    i.UARTx_SendByte    usart.o
    0x08004292   0x08004292   0x00000020   Code   RO         4237    i.UARTx_SendString  usart.o
    0x080042b2   0x080042b2   0x00000002   PAD
    0x080042b4   0x080042b4   0x00000024   Code   RO         4238    i.USART1_IRQHandler  usart.o
    0x080042d8   0x080042d8   0x00000028   Code   RO         4239    i.USART2_IRQHandler  usart.o
    0x08004300   0x08004300   0x00000024   Code   RO         4240    i.USART3_IRQHandler  usart.o
    0x08004324   0x08004324   0x00000018   Code   RO         2960    i.USART_Cmd         stm32f10x_usart.o
    0x0800433c   0x0800433c   0x0000001a   Code   RO         2963    i.USART_GetFlagStatus  stm32f10x_usart.o
    0x08004356   0x08004356   0x00000054   Code   RO         2964    i.USART_GetITStatus  stm32f10x_usart.o
    0x080043aa   0x080043aa   0x0000004a   Code   RO         2966    i.USART_ITConfig    stm32f10x_usart.o
    0x080043f4   0x080043f4   0x000000d8   Code   RO         2967    i.USART_Init        stm32f10x_usart.o
    0x080044cc   0x080044cc   0x0000000a   Code   RO         2974    i.USART_ReceiveData  stm32f10x_usart.o
    0x080044d6   0x080044d6   0x00000008   Code   RO         2977    i.USART_SendData    stm32f10x_usart.o
    0x080044de   0x080044de   0x00000004   Code   RO         3380    i.UsageFault_Handler  stm32f10x_it.o
    0x080044e2   0x080044e2   0x00000016   Code   RO         3536    i.constrain         control.o
    0x080044f8   0x080044f8   0x00000028   Code   RO         3537    i.constrain_float   control.o
    0x08004520   0x08004520   0x0000002c   Code   RO         3200    i.gpio_init         main.o
    0x0800454c   0x0800454c   0x0000021e   Code   RO         3728    i.int2str_low_ver   data_analyse.o
    0x0800476a   0x0800476a   0x00000002   PAD
    0x0800476c   0x0800476c   0x00000138   Code   RO         3201    i.main              main.o
    0x080048a4   0x080048a4   0x00000108   Code   RO         3538    i.move_with_xy_target_relatively  control.o
    0x080049ac   0x080049ac   0x000002b4   Code   RO         3539    i.move_xy_barrier   control.o
    0x08004c60   0x08004c60   0x00000016   Code   RO         3934    i.mypow             oled1.o
    0x08004c76   0x08004c76   0x0000002c   Code   RO         4346    i.sqrtf             m_ws.l(sqrtf.o)
    0x08004ca2   0x08004ca2   0x00000002   PAD
    0x08004ca4   0x08004ca4   0x00000348   Code   RO         4241    i.uart              usart.o
    0x08004fec   0x08004fec   0x00000210   Code   RO         3541    i.wheel_speed_control  control.o
    0x080051fc   0x080051fc   0x00000062   Code   RO         4301    x$fpl$d2f           fz_ws.l(d2f.o)
    0x0800525e   0x0800525e   0x00000002   PAD
    0x08005260   0x08005260   0x00000150   Code   RO         4303    x$fpl$dadd          fz_ws.l(daddsub_clz.o)
    0x080053b0   0x080053b0   0x00000018   Code   RO         4356    x$fpl$dcmpinf       fz_ws.l(dcmpi.o)
    0x080053c8   0x080053c8   0x00000078   Code   RO         4309    x$fpl$dleqf         fz_ws.l(dleqf.o)
    0x08005440   0x08005440   0x0000009c   Code   RO         4358    x$fpl$dnaninf       fz_ws.l(dnaninf.o)
    0x080054dc   0x080054dc   0x0000000c   Code   RO         4360    x$fpl$dretinf       fz_ws.l(dretinf.o)
    0x080054e8   0x080054e8   0x00000016   Code   RO         4304    x$fpl$drsb          fz_ws.l(daddsub_clz.o)
    0x080054fe   0x080054fe   0x00000002   PAD
    0x08005500   0x08005500   0x000001d4   Code   RO         4305    x$fpl$dsub          fz_ws.l(daddsub_clz.o)
    0x080056d4   0x080056d4   0x00000056   Code   RO         4311    x$fpl$f2d           fz_ws.l(f2d.o)
    0x0800572a   0x0800572a   0x00000002   PAD
    0x0800572c   0x0800572c   0x000000c4   Code   RO         4313    x$fpl$fadd          fz_ws.l(faddsub_clz.o)
    0x080057f0   0x080057f0   0x00000018   Code   RO         4362    x$fpl$fcmpinf       fz_ws.l(fcmpi.o)
    0x08005808   0x08005808   0x00000184   Code   RO         4320    x$fpl$fdiv          fz_ws.l(fdiv.o)
    0x0800598c   0x0800598c   0x00000068   Code   RO         4323    x$fpl$feqf          fz_ws.l(feqf.o)
    0x080059f4   0x080059f4   0x00000036   Code   RO         4325    x$fpl$ffix          fz_ws.l(ffix.o)
    0x08005a2a   0x08005a2a   0x00000002   PAD
    0x08005a2c   0x08005a2c   0x0000003e   Code   RO         4329    x$fpl$ffixu         fz_ws.l(ffixu.o)
    0x08005a6a   0x08005a6a   0x00000002   PAD
    0x08005a6c   0x08005a6c   0x00000030   Code   RO         4334    x$fpl$fflt          fz_ws.l(fflt_clz.o)
    0x08005a9c   0x08005a9c   0x00000026   Code   RO         4333    x$fpl$ffltu         fz_ws.l(fflt_clz.o)
    0x08005ac2   0x08005ac2   0x00000002   PAD
    0x08005ac4   0x08005ac4   0x00000068   Code   RO         4339    x$fpl$fleqf         fz_ws.l(fleqf.o)
    0x08005b2c   0x08005b2c   0x00000102   Code   RO         4341    x$fpl$fmul          fz_ws.l(fmul.o)
    0x08005c2e   0x08005c2e   0x0000008c   Code   RO         4364    x$fpl$fnaninf       fz_ws.l(fnaninf.o)
    0x08005cba   0x08005cba   0x0000000a   Code   RO         4366    x$fpl$fretinf       fz_ws.l(fretinf.o)
    0x08005cc4   0x08005cc4   0x00000062   Code   RO         4343    x$fpl$frleqf        fz_ws.l(frleqf.o)
    0x08005d26   0x08005d26   0x00000014   Code   RO         4314    x$fpl$frsb          fz_ws.l(faddsub_clz.o)
    0x08005d3a   0x08005d3a   0x00000002   PAD
    0x08005d3c   0x08005d3c   0x00000110   Code   RO         4368    x$fpl$fsqrt         fz_ws.l(fsqrt.o)
    0x08005e4c   0x08005e4c   0x000000ea   Code   RO         4315    x$fpl$fsub          fz_ws.l(faddsub_clz.o)
    0x08005f36   0x08005f36   0x00000000   Code   RO         4370    x$fpl$usenofp       fz_ws.l(usenofp.o)
    0x08005f36   0x08005f36   0x00000002   PAD
    0x08005f38   0x08005f38   0x00000374   Data   RO         3203    .constdata          main.o
    0x080062ac   0x080062ac   0x00000814   Data   RO         3731    .constdata          data_analyse.o
    0x08006ac0   0x08006ac0   0x00002424   Data   RO         3936    .constdata          oled1.o
    0x08008ee4   0x08008ee4   0x00000020   Data   RO         4528    Region$$Table       anon$$obj.o


    Execution Region RW_IRAM1 (Exec base: 0x20000000, Load base: 0x08008f04, Size: 0x00002028, Max: 0x00010000, ABSOLUTE, COMPRESSED[0x000000f0])

    Exec Addr    Load Addr    Size         Type   Attr      Idx    E Section Name        Object

    0x20000000   COMPRESSED   0x00000014   Data   RW         1805    .data               stm32f10x_rcc.o
    0x20000014   COMPRESSED   0x00000019   Data   RW         3204    .data               main.o
    0x2000002d   COMPRESSED   0x00000003   PAD
    0x20000030   COMPRESSED   0x000001d8   Data   RW         3543    .data               control.o
    0x20000208   COMPRESSED   0x00000004   Data   RW         3662    .data               speed.o
    0x2000020c   COMPRESSED   0x00000039   Data   RW         3732    .data               data_analyse.o
    0x20000245   COMPRESSED   0x00000002   Data   RW         4058    .data               led.o
    0x20000247   COMPRESSED   0x00000006   Data   RW         4159    .data               store.o
    0x2000024d   COMPRESSED   0x00000001   Data   RW         4242    .data               usart.o
    0x2000024e   COMPRESSED   0x00000002   PAD
    0x20000250        -       0x00000c14   Zero   RW         3202    .bss                main.o
    0x20000e64        -       0x000000f2   Zero   RW         3542    .bss                control.o
    0x20000f56   COMPRESSED   0x00000002   PAD
    0x20000f58        -       0x0000012c   Zero   RW         3730    .bss                data_analyse.o
    0x20001084        -       0x00000400   Zero   RW         3935    .bss                oled1.o
    0x20001484        -       0x00000540   Zero   RW         4158    .bss                store.o
    0x200019c4        -       0x00000060   Zero   RW         4392    .bss                c_w.l(libspace.o)
    0x20001a24   COMPRESSED   0x00000004   PAD
    0x20001a28        -       0x00000200   Zero   RW           18    HEAP                startup_stm32f10x_hd.o
    0x20001c28        -       0x00000400   Zero   RW           17    STACK               startup_stm32f10x_hd.o


==============================================================================

Image component sizes


      Code (inc. data)   RO Data    RW Data    ZI Data      Debug   Object Name

      6902        666          0        472        242      20905   control.o
         0          0          0          0          0       4540   core_cm3.o
      3374        250       2068         57        300     232997   data_analyse.o
        60          8          0          0          0        507   key.o
       752         28          0          2          0       1516   led.o
       390         58        884         25       3092     241196   main.o
       132         22          0          0          0     206303   misc.o
       460         20          0          0          0       4092   motor.o
        50          0          0          0          0       1665   myflash.o
      1746         66       9252          0       1024      11630   oled1.o
       588         56          0          4          0       3318   speed.o
        64         26        304          0       1536        800   startup_stm32f10x_hd.o
       212         14          0          0          0       1186   steering.o
       274         30          0          0          0       9738   stm32f10x_flash.o
       440          6          0          0          0      12754   stm32f10x_gpio.o
        26          0          0          0          0       4010   stm32f10x_it.o
       276         32          0         20          0      13142   stm32f10x_rcc.o
      1908        200          0          0          0      39337   stm32f10x_tim.o
       442          6          0          0          0      12149   stm32f10x_usart.o
       528         44          0          6       1344       3870   store.o
       328         28          0          0          0      39413   system_stm32f10x.o
      1124         62          0          1          0       5746   usart.o

    ----------------------------------------------------------------------
     20114       1622      12540        592       7540     870814   Object Totals
         0          0         32          0          0          0   (incl. Generated)
        38          0          0          5          2          0   (incl. Padding)

    ----------------------------------------------------------------------

      Code (inc. data)   RO Data    RW Data    ZI Data      Debug   Library Member Name

        90          0          0          0          0          0   __dczerorl2.o
         8          0          0          0          0         68   __main.o
         0          0          0          0          0          0   __rtentry.o
        12          0          0          0          0          0   __rtentry2.o
         6          0          0          0          0          0   __rtentry4.o
        52          8          0          0          0          0   __scatter.o
        28          0          0          0          0          0   __scatter_zi.o
        22          0          0          0          0        100   _rserrno.o
        18          0          0          0          0         80   exit.o
         6          0          0          0          0        152   heapauxi.o
         0          0          0          0          0          0   indicate_semi.o
         2          0          0          0          0          0   libinit.o
         2          0          0          0          0          0   libinit2.o
         2          0          0          0          0          0   libshutdown.o
         2          0          0          0          0          0   libshutdown2.o
         8          4          0          0         96         68   libspace.o
         8          4          0          0          0         68   rt_errno_addr_intlibspace.o
        78          0          0          0          0         80   rt_memclr_w.o
         2          0          0          0          0          0   rtexit.o
        10          0          0          0          0          0   rtexit2.o
        72          0          0          0          0         80   strcpy.o
        12          4          0          0          0         68   sys_exit.o
        74          0          0          0          0         80   sys_stackheap_outer.o
         2          0          0          0          0         68   use_no_semi.o
        98          4          0          0          0         92   d2f.o
       826         16          0          0          0        348   daddsub_clz.o
        24          0          0          0          0         68   dcmpi.o
       120          4          0          0          0         92   dleqf.o
       156          4          0          0          0         92   dnaninf.o
        12          0          0          0          0         68   dretinf.o
        86          4          0          0          0         84   f2d.o
       450          8          0          0          0        236   faddsub_clz.o
        24          0          0          0          0         68   fcmpi.o
       388         76          0          0          0         96   fdiv.o
       104          4          0          0          0         84   feqf.o
        54          4          0          0          0         84   ffix.o
        62          4          0          0          0         84   ffixu.o
        86          0          0          0          0        136   fflt_clz.o
       104          4          0          0          0         84   fleqf.o
       258          4          0          0          0         84   fmul.o
       140          4          0          0          0         84   fnaninf.o
        10          0          0          0          0         68   fretinf.o
        98          0          0          0          0         68   frleqf.o
       272        100          0          0          0         88   fsqrt.o
         0          0          0          0          0          0   usenofp.o
        44          0          0          0          0         80   sqrtf.o

    ----------------------------------------------------------------------
      3958        260          0          0        100       3100   Library Totals
        26          0          0          0          4          0   (incl. Padding)

    ----------------------------------------------------------------------

      Code (inc. data)   RO Data    RW Data    ZI Data      Debug   Library Name

       516         20          0          0         96        912   c_w.l
      3372        240          0          0          0       2108   fz_ws.l
        44          0          0          0          0         80   m_ws.l

    ----------------------------------------------------------------------
      3958        260          0          0        100       3100   Library Totals

    ----------------------------------------------------------------------

==============================================================================


      Code (inc. data)   RO Data    RW Data    ZI Data      Debug   

     24072       1882      12540        592       7640     865174   Grand Totals
     24072       1882      12540        240       7640     865174   ELF Image Totals (compressed)
     24072       1882      12540        240          0          0   ROM Totals

==============================================================================

    Total RO  Size (Code + RO Data)                36612 (  35.75kB)
    Total RW  Size (RW Data + ZI Data)              8232 (   8.04kB)
    Total ROM Size (Code + RO Data + RW Data)      36852 (  35.99kB)

==============================================================================

